<html>
<body>
<pre>
<h1>µVision Build Log</h1>
<h2>Tool Versions:</h2>
IDE-Version: ¶ÃVision V5.35.0.0
Copyright (C) 2021 ARM Ltd and ARM Germany GmbH. All rights reserved.
License Information: lee lee, lee, LIC=UJWP0-BNT78-12QLE-5E8A5-8RH78-35XF2
 
Tool Versions:
Toolchain:       MDK-ARM Plus  Version: 5.35.0.2
Toolchain Path:  D:\Lee\MDK5\ARM\ARMCC\Bin
C Compiler:      Armcc.exe V5.06 update 7 (build 960)
Assembler:       Armasm.exe V5.06 update 7 (build 960)
Linker/Locator:  ArmLink.exe V5.06 update 7 (build 960)
Library Manager: ArmAr.exe V5.06 update 7 (build 960)
Hex Converter:   FromElf.exe V5.06 update 7 (build 960)
CPU DLL:         SARMCM3.DLL V5.35.0.2
Dialog DLL:      DCM.DLL V1.17.3.0
Target DLL:      STLink\ST-LINKIII-KEIL_SWO.dll V3.0.9.0
Dialog DLL:      TCM.DLL V1.53.0.0
 
<h2>Project:</h2>
F:\÷Ì≥°ª∑æ≥º‡≤‚\code\MX_Pig_V1.0\MDK-ARM\MX_Pig_V1.0.uvprojx
Project File Date:  04/28/2022

<h2>Output:</h2>
*** Using Compiler 'V5.06 update 7 (build 960)', folder: 'D:\Lee\MDK5\ARM\ARMCC\Bin'
Rebuild target 'MX_Pig_V1.0'
compiling adc.c...
compiling dma.c...
compiling tim.c...
compiling gpio.c...
compiling stm32f1xx_hal.c...
compiling usart.c...
compiling stm32f1xx_hal_gpio_ex.c...
compiling stm32f1xx_it.c...
compiling stm32f1xx_hal_msp.c...
compiling stm32f1xx_hal_rcc_ex.c...
compiling stm32f1xx_hal_timebase_tim.c...
compiling main.c...
../Core/Src/main.c(129): warning:  #111-D: statement is unreachable
    MX_FREERTOS_Init();
../Core/Src/main.c: 1 warning, 0 errors
compiling stm32f1xx_hal_adc_ex.c...
compiling stm32f1xx_hal_adc.c...
compiling freertos.c...
compiling stm32f1xx_hal_rcc.c...
compiling croutine.c...
compiling event_groups.c...
compiling list.c...
compiling stream_buffer.c...
compiling queue.c...
compiling timers.c...
compiling tasks.c...
compiling heap_4.c...
assembling startup_stm32f103xb.s...
compiling cmsis_os.c...
compiling port.c...
compiling stm32f1xx_hal_gpio.c...
compiling stm32f1xx_hal_pwr.c...
compiling stm32f1xx_hal_flash.c...
compiling stm32f1xx_hal_cortex.c...
compiling stm32f1xx_hal_dma.c...
compiling system_stm32f1xx.c...
compiling stm32f1xx_hal_exti.c...
compiling stm32f1xx_hal_flash_ex.c...
compiling stm32f1xx_hal_uart.c...
compiling stm32f1xx_hal_tim_ex.c...
compiling UART_Printf.c...
compiling Connect.c...
..\Hardware\src\Connect_ESP8266\Connect.c(97): warning:  #188-D: enumerated type mixed with another type
        Uart1_Rx_Flag = 0;
..\Hardware\src\Connect_ESP8266\Connect.c: 1 warning, 0 errors
compiling ADC_Get_Gas.c...
compiling stm32f1xx_hal_tim.c...
linking...
Program Size: Code=10176 RO-data=292 RW-data=96 ZI-data=2984  
FromELF: creating hex file...
"MX_Pig_V1.0\MX_Pig_V1.0" - 0 Error(s), 2 Warning(s).

<h2>Software Packages used:</h2>

Package Vendor: ARM
                http://www.keil.com/pack/ARM.CMSIS.5.8.0.pack
                ARM.CMSIS.5.8.0
                CMSIS (Common Microcontroller Software Interface Standard)
   * Component: CORE Version: 5.5.0

Package Vendor: Keil
                http://www.keil.com/pack/Keil.STM32F1xx_DFP.1.0.5.pack
                Keil.STM32F1xx_DFP.1.0.5
                STMicroelectronics STM32F1 Series Device Support, Drivers and Examples

<h2>Collection of Component include folders:</h2>
  .\RTE\_MX_Pig_V1.0
  D:\Lee\MDK5\ARM\CMSIS\5.8.0\CMSIS\Core\Include
  D:\Lee\MDK5\Keil\STM32F1xx_DFP\1.0.5\Device\Include

<h2>Collection of Component Files used:</h2>

   * Component: ARM::CMSIS:CORE:5.5.0
      Include file:  CMSIS\Core\Include\tz_context.h
Build Time Elapsed:  00:00:14
</pre>
</body>
</html>
