Component: ARM Compiler 5.06 update 7 (build 960) Tool: armlink [4d3601]

==============================================================================

Section Cross References

    main.o(i.BSP_Init) refers to stm32f1xx_hal_gpio.o(i.HAL_GPIO_TogglePin) for HAL_GPIO_TogglePin
    main.o(i.BSP_Init) refers to stm32f1xx_hal.o(i.HAL_Delay) for HAL_Delay
    main.o(i.BSP_Init) refers to printf3.o(i.__0printf$3) for __2printf
    main.o(i.BSP_Init) refers to oled.o(i.OLED_Init) for OLED_Init
    main.o(i.BSP_Init) refers to oled.o(i.OLED_ShowStr) for OLED_ShowStr
    main.o(i.BSP_Init) refers to stm32f1xx_hal_adc_ex.o(i.HAL_ADCEx_Calibration_Start) for HAL_ADCEx_Calibration_Start
    main.o(i.BSP_Init) refers to stm32f1xx_hal_adc.o(i.HAL_ADC_Start_DMA) for HAL_ADC_Start_DMA
    main.o(i.BSP_Init) refers to esp8266.o(i.ESP8266_Init) for ESP8266_Init
    main.o(i.BSP_Init) refers to main.o(i.Error_Handler) for Error_Handler
    main.o(i.BSP_Init) refers to dth11.o(i.DHT11_Init) for DHT11_Init
    main.o(i.BSP_Init) refers to oled.o(i.OLED_CLS) for OLED_CLS
    main.o(i.BSP_Init) refers to buzzer.o(i.Buzzer_Work) for Buzzer_Work
    main.o(i.BSP_Init) refers to adc.o(.bss) for hadc1
    main.o(i.BSP_Init) refers to adc_operation.o(.bss) for aADCxConvertedValues
    main.o(i.BSP_Init) refers to adc_operation.o(.data) for ubSequenceCompleted
    main.o(i.BSP_Init) refers to main.o(.data) for .data
    main.o(i.Error_Handler) refers to buzzer.o(i.Buzzer_Work) for Buzzer_Work
    main.o(i.HAL_TIM_PeriodElapsedCallback) refers to stm32f1xx_hal.o(i.HAL_IncTick) for HAL_IncTick
    main.o(i.SystemClock_Config) refers to memseta.o(.text) for __aeabi_memclr4
    main.o(i.SystemClock_Config) refers to stm32f1xx_hal_rcc.o(i.HAL_RCC_OscConfig) for HAL_RCC_OscConfig
    main.o(i.SystemClock_Config) refers to stm32f1xx_hal_rcc.o(i.HAL_RCC_ClockConfig) for HAL_RCC_ClockConfig
    main.o(i.SystemClock_Config) refers to stm32f1xx_hal_rcc_ex.o(i.HAL_RCCEx_PeriphCLKConfig) for HAL_RCCEx_PeriphCLKConfig
    main.o(i.SystemClock_Config) refers to main.o(i.Error_Handler) for Error_Handler
    main.o(i.main) refers to stm32f1xx_hal.o(i.HAL_Init) for HAL_Init
    main.o(i.main) refers to main.o(i.SystemClock_Config) for SystemClock_Config
    main.o(i.main) refers to gpio.o(i.MX_GPIO_Init) for MX_GPIO_Init
    main.o(i.main) refers to dma.o(i.MX_DMA_Init) for MX_DMA_Init
    main.o(i.main) refers to usart.o(i.MX_USART2_UART_Init) for MX_USART2_UART_Init
    main.o(i.main) refers to usart.o(i.MX_USART1_UART_Init) for MX_USART1_UART_Init
    main.o(i.main) refers to usart.o(i.MX_USART3_UART_Init) for MX_USART3_UART_Init
    main.o(i.main) refers to adc.o(i.MX_ADC1_Init) for MX_ADC1_Init
    main.o(i.main) refers to tim.o(i.MX_TIM3_Init) for MX_TIM3_Init
    main.o(i.main) refers to i2c.o(i.MX_I2C1_Init) for MX_I2C1_Init
    main.o(i.main) refers to main.o(i.BSP_Init) for BSP_Init
    main.o(i.main) refers to display_data_task.o(i.Display_Operation_Status) for Display_Operation_Status
    main.o(i.main) refers to main.o(i.Error_Handler) for Error_Handler
    main.o(i.main) refers to stm32f1xx_hal.o(i.HAL_Delay) for HAL_Delay
    main.o(i.main) refers to oled.o(i.OLED_CLS) for OLED_CLS
    main.o(i.main) refers to oled.o(i.OLED_ShowStr) for OLED_ShowStr
    main.o(i.main) refers to connect_iot_task.o(i.Connct_aliyun_iot) for Connct_aliyun_iot
    main.o(i.main) refers to connect_iot_task.o(i.UploadData_To_Server) for UploadData_To_Server
    gpio.o(i.MX_GPIO_Init) refers to stm32f1xx_hal_gpio.o(i.HAL_GPIO_WritePin) for HAL_GPIO_WritePin
    gpio.o(i.MX_GPIO_Init) refers to stm32f1xx_hal_gpio.o(i.HAL_GPIO_Init) for HAL_GPIO_Init
    gpio.o(i.MX_GPIO_Init) refers to stm32f1xx_hal_cortex.o(i.HAL_NVIC_SetPriority) for HAL_NVIC_SetPriority
    gpio.o(i.MX_GPIO_Init) refers to stm32f1xx_hal_cortex.o(i.HAL_NVIC_EnableIRQ) for HAL_NVIC_EnableIRQ
    freertos.o(i.MX_FREERTOS_Init) refers to memcpya.o(.text) for __aeabi_memcpy4
    freertos.o(i.MX_FREERTOS_Init) refers to cmsis_os.o(i.osThreadCreate) for osThreadCreate
    freertos.o(i.MX_FREERTOS_Init) refers to freertos.o(.constdata) for .constdata
    freertos.o(i.MX_FREERTOS_Init) refers to freertos.o(.data) for .data
    freertos.o(i.Null_Test_Task) refers to cmsis_os.o(i.osDelay) for osDelay
    freertos.o(.constdata) refers to freertos.o(.conststring) for .conststring
    freertos.o(.constdata) refers to freertos.o(i.Null_Test_Task) for Null_Test_Task
    adc.o(i.HAL_ADC_MspDeInit) refers to stm32f1xx_hal_gpio.o(i.HAL_GPIO_DeInit) for HAL_GPIO_DeInit
    adc.o(i.HAL_ADC_MspDeInit) refers to stm32f1xx_hal_dma.o(i.HAL_DMA_DeInit) for HAL_DMA_DeInit
    adc.o(i.HAL_ADC_MspDeInit) refers to stm32f1xx_hal_cortex.o(i.HAL_NVIC_DisableIRQ) for HAL_NVIC_DisableIRQ
    adc.o(i.HAL_ADC_MspInit) refers to stm32f1xx_hal_gpio.o(i.HAL_GPIO_Init) for HAL_GPIO_Init
    adc.o(i.HAL_ADC_MspInit) refers to stm32f1xx_hal_dma.o(i.HAL_DMA_Init) for HAL_DMA_Init
[...]
    ../clib/microlib/init/entry.s            0x00000000   Number         0  entry10a.o ABSOLUTE
    ../clib/microlib/init/entry.s            0x00000000   Number         0  entry9b.o ABSOLUTE
    ../clib/microlib/init/entry.s            0x00000000   Number         0  entry9a.o ABSOLUTE
    ../clib/microlib/init/entry.s            0x00000000   Number         0  entry8b.o ABSOLUTE
    ../clib/microlib/init/entry.s            0x00000000   Number         0  entry8a.o ABSOLUTE
    ../clib/microlib/longlong.c              0x00000000   Number         0  llsshr.o ABSOLUTE
    ../clib/microlib/longlong.c              0x00000000   Number         0  llshl.o ABSOLUTE
    ../clib/microlib/longlong.c              0x00000000   Number         0  llushr.o ABSOLUTE
    ../clib/microlib/printf/printf.c         0x00000000   Number         0  printfb.o ABSOLUTE
    ../clib/microlib/printf/printf.c         0x00000000   Number         0  printf0.o ABSOLUTE
    ../clib/microlib/printf/printf.c         0x00000000   Number         0  printf1.o ABSOLUTE
    ../clib/microlib/printf/printf.c         0x00000000   Number         0  printf2.o ABSOLUTE
    ../clib/microlib/printf/printf.c         0x00000000   Number         0  printf3.o ABSOLUTE
    ../clib/microlib/printf/printf.c         0x00000000   Number         0  printf4.o ABSOLUTE
    ../clib/microlib/printf/printf.c         0x00000000   Number         0  printf5.o ABSOLUTE
    ../clib/microlib/printf/printf.c         0x00000000   Number         0  printf6.o ABSOLUTE
    ../clib/microlib/printf/printf.c         0x00000000   Number         0  printf7.o ABSOLUTE
    ../clib/microlib/printf/printf.c         0x00000000   Number         0  printfa.o ABSOLUTE
    ../clib/microlib/printf/printf.c         0x00000000   Number         0  printf8.o ABSOLUTE
    ../clib/microlib/printf/stubs.s          0x00000000   Number         0  stubs.o ABSOLUTE
    ../clib/microlib/stdio/streams.c         0x00000000   Number         0  stdout.o ABSOLUTE
    ../clib/microlib/string/memcpy.c         0x00000000   Number         0  memcpyb.o ABSOLUTE
    ../clib/microlib/string/memcpy.c         0x00000000   Number         0  memcpya.o ABSOLUTE
    ../clib/microlib/string/memset.c         0x00000000   Number         0  memset.o ABSOLUTE
    ../clib/microlib/string/memset.c         0x00000000   Number         0  memseta.o ABSOLUTE
    ../clib/microlib/string/strstr.c         0x00000000   Number         0  strstr.o ABSOLUTE
    ../clib/microlib/stubs.s                 0x00000000   Number         0  iusefp.o ABSOLUTE
    ../fplib/microlib/d2f.c                  0x00000000   Number         0  d2f.o ABSOLUTE
    ../fplib/microlib/f2d.c                  0x00000000   Number         0  f2d.o ABSOLUTE
    ../fplib/microlib/fpadd.c                0x00000000   Number         0  dadd.o ABSOLUTE
    ../fplib/microlib/fpadd.c                0x00000000   Number         0  fadd.o ABSOLUTE
    ../fplib/microlib/fpdiv.c                0x00000000   Number         0  fdiv.o ABSOLUTE
    ../fplib/microlib/fpdiv.c                0x00000000   Number         0  ddiv.o ABSOLUTE
    ../fplib/microlib/fpepilogue.c           0x00000000   Number         0  fepilogue.o ABSOLUTE
    ../fplib/microlib/fpepilogue.c           0x00000000   Number         0  depilogue.o ABSOLUTE
    ../fplib/microlib/fpfix.c                0x00000000   Number         0  dfixi.o ABSOLUTE
    ../fplib/microlib/fpfix.c                0x00000000   Number         0  dfixul.o ABSOLUTE
    ../fplib/microlib/fpfix.c                0x00000000   Number         0  dfixui.o ABSOLUTE
    ../fplib/microlib/fpfix.c                0x00000000   Number         0  ffixui.o ABSOLUTE
    ../fplib/microlib/fpflt.c                0x00000000   Number         0  dflti.o ABSOLUTE
    ../fplib/microlib/fpflt.c                0x00000000   Number         0  ffltui.o ABSOLUTE
    ../fplib/microlib/fpflt.c                0x00000000   Number         0  dfltui.o ABSOLUTE
    ../fplib/microlib/fpmul.c                0x00000000   Number         0  fmul.o ABSOLUTE
    ../fplib/microlib/fpmul.c                0x00000000   Number         0  dmul.o ABSOLUTE
    ../fplib/microlib/fpscalb.c              0x00000000   Number         0  dscalb.o ABSOLUTE
    ../mathlib/cos.c                         0x00000000   Number         0  cos.o ABSOLUTE
    ../mathlib/cos.c                         0x00000000   Number         0  cos_x.o ABSOLUTE
    ../mathlib/cos_i.c                       0x00000000   Number         0  cos_i.o ABSOLUTE
    ../mathlib/dunder.c                      0x00000000   Number         0  dunder.o ABSOLUTE
    ../mathlib/fpclassify.c                  0x00000000   Number         0  fpclassify.o ABSOLUTE
    ../mathlib/poly.c                        0x00000000   Number         0  poly.o ABSOLUTE
    ../mathlib/rred.c                        0x00000000   Number         0  rred.o ABSOLUTE
    ../mathlib/sin.c                         0x00000000   Number         0  sin_x.o ABSOLUTE
    ../mathlib/sin.c                         0x00000000   Number         0  sin.o ABSOLUTE
    ../mathlib/sin_i.c                       0x00000000   Number         0  sin_i.o ABSOLUTE
    ../mathlib/sin_i.c                       0x00000000   Number         0  sin_i_x.o ABSOLUTE
    ..\Core\Src\adc.c                        0x00000000   Number         0  adc.o ABSOLUTE
    ..\Core\Src\dma.c                        0x00000000   Number         0  dma.o ABSOLUTE
    ..\Core\Src\freertos.c                   0x00000000   Number         0  freertos.o ABSOLUTE
    ..\Core\Src\gpio.c                       0x00000000   Number         0  gpio.o ABSOLUTE
    ..\Core\Src\i2c.c                        0x00000000   Number         0  i2c.o ABSOLUTE
    ..\Core\Src\main.c                       0x00000000   Number         0  main.o ABSOLUTE
    ..\Core\Src\stm32f1xx_hal_msp.c          0x00000000   Number         0  stm32f1xx_hal_msp.o ABSOLUTE
    ..\Core\Src\stm32f1xx_hal_timebase_tim.c 0x00000000   Number         0  stm32f1xx_hal_timebase_tim.o ABSOLUTE
    ..\Core\Src\stm32f1xx_it.c               0x00000000   Number         0  stm32f1xx_it.o ABSOLUTE
    ..\Core\Src\system_stm32f1xx.c           0x00000000   Number         0  system_stm32f1xx.o ABSOLUTE
    ..\Core\Src\tim.c                        0x00000000   Number         0  tim.o ABSOLUTE
    ..\Core\Src\usart.c                      0x00000000   Number         0  usart.o ABSOLUTE
    ..\Drivers\STM32F1xx_HAL_Driver\Src\stm32f1xx_hal.c 0x00000000   Number         0  stm32f1xx_hal.o ABSOLUTE
    ..\Drivers\STM32F1xx_HAL_Driver\Src\stm32f1xx_hal_adc.c 0x00000000   Number         0  stm32f1xx_hal_adc.o ABSOLUTE
    ..\Drivers\STM32F1xx_HAL_Driver\Src\stm32f1xx_hal_adc_ex.c 0x00000000   Number         0  stm32f1xx_hal_adc_ex.o ABSOLUTE
    ..\Drivers\STM32F1xx_HAL_Driver\Src\stm32f1xx_hal_cortex.c 0x00000000   Number         0  stm32f1xx_hal_cortex.o ABSOLUTE
    ..\Drivers\STM32F1xx_HAL_Driver\Src\stm32f1xx_hal_dma.c 0x00000000   Number         0  stm32f1xx_hal_dma.o ABSOLUTE
    ..\Drivers\STM32F1xx_HAL_Driver\Src\stm32f1xx_hal_exti.c 0x00000000   Number         0  stm32f1xx_hal_exti.o ABSOLUTE
    ..\Drivers\STM32F1xx_HAL_Driver\Src\stm32f1xx_hal_flash.c 0x00000000   Number         0  stm32f1xx_hal_flash.o ABSOLUTE
    ..\Drivers\STM32F1xx_HAL_Driver\Src\stm32f1xx_hal_flash_ex.c 0x00000000   Number         0  stm32f1xx_hal_flash_ex.o ABSOLUTE
    ..\Drivers\STM32F1xx_HAL_Driver\Src\stm32f1xx_hal_gpio.c 0x00000000   Number         0  stm32f1xx_hal_gpio.o ABSOLUTE
    ..\Drivers\STM32F1xx_HAL_Driver\Src\stm32f1xx_hal_gpio_ex.c 0x00000000   Number         0  stm32f1xx_hal_gpio_ex.o ABSOLUTE
    ..\Drivers\STM32F1xx_HAL_Driver\Src\stm32f1xx_hal_i2c.c 0x00000000   Number         0  stm32f1xx_hal_i2c.o ABSOLUTE
    ..\Drivers\STM32F1xx_HAL_Driver\Src\stm32f1xx_hal_pwr.c 0x00000000   Number         0  stm32f1xx_hal_pwr.o ABSOLUTE
    ..\Drivers\STM32F1xx_HAL_Driver\Src\stm32f1xx_hal_rcc.c 0x00000000   Number         0  stm32f1xx_hal_rcc.o ABSOLUTE
    ..\Drivers\STM32F1xx_HAL_Driver\Src\stm32f1xx_hal_rcc_ex.c 0x00000000   Number         0  stm32f1xx_hal_rcc_ex.o ABSOLUTE
    ..\Drivers\STM32F1xx_HAL_Driver\Src\stm32f1xx_hal_tim.c 0x00000000   Number         0  stm32f1xx_hal_tim.o ABSOLUTE
    ..\Drivers\STM32F1xx_HAL_Driver\Src\stm32f1xx_hal_tim_ex.c 0x00000000   Number         0  stm32f1xx_hal_tim_ex.o ABSOLUTE
    ..\Drivers\STM32F1xx_HAL_Driver\Src\stm32f1xx_hal_uart.c 0x00000000   Number         0  stm32f1xx_hal_uart.o ABSOLUTE
    ..\Hardware\src\ADC_Operation\ADC_Operation.c 0x00000000   Number         0  adc_operation.o ABSOLUTE
    ..\Hardware\src\BUZZER\BUZZER.c          0x00000000   Number         0  buzzer.o ABSOLUTE
    ..\Hardware\src\DTH11\DTH11.c            0x00000000   Number         0  dth11.o ABSOLUTE
    ..\Hardware\src\ESP8266\ESP8266.c        0x00000000   Number         0  esp8266.o ABSOLUTE
    ..\Hardware\src\OLED\OLED.c              0x00000000   Number         0  oled.o ABSOLUTE
    ..\Hardware\src\UART_Printf\UART_Printf.c 0x00000000   Number         0  uart_printf.o ABSOLUTE
    ..\Middlewares\Third_Party\FreeRTOS\Source\CMSIS_RTOS\cmsis_os.c 0x00000000   Number         0  cmsis_os.o ABSOLUTE
    ..\Middlewares\Third_Party\FreeRTOS\Source\portable\RVDS\ARM_CM3\port.c 0x00000000   Number         0  port.o ABSOLUTE
    ..\Task\src\Connect_Iot_Task.c           0x00000000   Number         0  connect_iot_task.o ABSOLUTE
    ..\Task\src\Display_Data_Task.c          0x00000000   Number         0  display_data_task.o ABSOLUTE
    ..\Task\src\Get_Sensor_Task.c            0x00000000   Number         0  get_sensor_task.o ABSOLUTE
    ..\\Hardware\\src\\ADC_Operation\\ADC_Operation.c 0x00000000   Number         0  adc_operation.o ABSOLUTE
    ..\\Hardware\\src\\BUZZER\\BUZZER.c      0x00000000   Number         0  buzzer.o ABSOLUTE
    ..\\Hardware\\src\\DTH11\\DTH11.c        0x00000000   Number         0  dth11.o ABSOLUTE
    ..\\Hardware\\src\\ESP8266\\ESP8266.c    0x00000000   Number         0  esp8266.o ABSOLUTE
    ..\\Hardware\\src\\OLED\\OLED.c          0x00000000   Number         0  oled.o ABSOLUTE
    ..\\Hardware\\src\\UART_Printf\\UART_Printf.c 0x00000000   Number         0  uart_printf.o ABSOLUTE
    ..\\Task\\src\\Connect_Iot_Task.c        0x00000000   Number         0  connect_iot_task.o ABSOLUTE
    ..\\Task\\src\\Display_Data_Task.c       0x00000000   Number         0  display_data_task.o ABSOLUTE
    ..\\Task\\src\\Get_Sensor_Task.c         0x00000000   Number         0  get_sensor_task.o ABSOLUTE
    cdrcmple.s                               0x00000000   Number         0  cdrcmple.o ABSOLUTE
    dc.s                                     0x00000000   Number         0  dc.o ABSOLUTE
    handlers.s                               0x00000000   Number         0  handlers.o ABSOLUTE
    init.s                                   0x00000000   Number         0  init.o ABSOLUTE
    startup_stm32f103xb.s                    0x00000000   Number         0  startup_stm32f103xb.o ABSOLUTE
    RESET                                    0x08000000   Section      236  startup_stm32f103xb.o(RESET)
    .ARM.Collect$$$$00000000                 0x080000ec   Section        0  entry.o(.ARM.Collect$$$$00000000)
    .ARM.Collect$$$$00000001                 0x080000ec   Section        4  entry2.o(.ARM.Collect$$$$00000001)
    .ARM.Collect$$$$00000004                 0x080000f0   Section        4  entry5.o(.ARM.Collect$$$$00000004)
    .ARM.Collect$$$$00000008                 0x080000f4   Section        0  entry7b.o(.ARM.Collect$$$$00000008)
    .ARM.Collect$$$$0000000A                 0x080000f4   Section        0  entry8b.o(.ARM.Collect$$$$0000000A)
    .ARM.Collect$$$$0000000B                 0x080000f4   Section        8  entry9a.o(.ARM.Collect$$$$0000000B)
    .ARM.Collect$$$$0000000E                 0x080000fc   Section        4  entry12b.o(.ARM.Collect$$$$0000000E)
    .ARM.Collect$$$$0000000F                 0x08000100   Section        0  entry10a.o(.ARM.Collect$$$$0000000F)
    .ARM.Collect$$$$00000011                 0x08000100   Section        0  entry11a.o(.ARM.Collect$$$$00000011)
    .ARM.Collect$$$$00002712                 0x08000100   Section        4  entry2.o(.ARM.Collect$$$$00002712)
    __lit__00000000                          0x08000100   Data           4  entry2.o(.ARM.Collect$$$$00002712)
    .emb_text                                0x08000104   Section      150  port.o(.emb_text)
    .text                                    0x0800019c   Section       36  startup_stm32f103xb.o(.text)
    .text                                    0x080001c0   Section        0  memseta.o(.text)
    .text                                    0x080001e4   Section        0  strstr.o(.text)
    .text                                    0x08000208   Section        0  uidiv.o(.text)
    .text                                    0x08000234   Section       36  init.o(.text)
    i.ADC1_2_IRQHandler                      0x08000258   Section        0  stm32f1xx_it.o(i.ADC1_2_IRQHandler)
    i.ADC_ConversionStop_Disable             0x08000264   Section        0  stm32f1xx_hal_adc.o(i.ADC_ConversionStop_Disable)
    i.ADC_DMAConvCplt                        0x080002b0   Section        0  stm32f1xx_hal_adc.o(i.ADC_DMAConvCplt)
    i.ADC_DMAError                           0x080002fe   Section        0  stm32f1xx_hal_adc.o(i.ADC_DMAError)
    i.ADC_DMAHalfConvCplt                    0x08000318   Section        0  stm32f1xx_hal_adc.o(i.ADC_DMAHalfConvCplt)
    i.ADC_Enable                             0x08000324   Section        0  stm32f1xx_hal_adc.o(i.ADC_Enable)
    i.BSP_Init                               0x08000394   Section        0  main.o(i.BSP_Init)
    i.BusFault_Handler                       0x080005e8   Section        0  stm32f1xx_it.o(i.BusFault_Handler)
    i.Buzzer_Work                            0x080005ec   Section        0  buzzer.o(i.Buzzer_Work)
    i.Connct_aliyun_iot                      0x08000620   Section        0  connect_iot_task.o(i.Connct_aliyun_iot)
    i.DHT11_Init                             0x08000850   Section        0  dth11.o(i.DHT11_Init)
    i.DHT11_RST                              0x08000868   Section        0  dth11.o(i.DHT11_RST)
    DHT11_RST                                0x08000869   Thumb Code    66  dth11.o(i.DHT11_RST)
    i.DMA1_Channel1_IRQHandler               0x080008b0   Section        0  stm32f1xx_it.o(i.DMA1_Channel1_IRQHandler)
    i.DMA_SetConfig                          0x080008bc   Section        0  stm32f1xx_hal_dma.o(i.DMA_SetConfig)
    DMA_SetConfig                            0x080008bd   Thumb Code    42  stm32f1xx_hal_dma.o(i.DMA_SetConfig)
    i.DebugMon_Handler                       0x080008e6   Section        0  stm32f1xx_it.o(i.DebugMon_Handler)
    i.Delay_us                               0x080008e8   Section        0  dth11.o(i.Delay_us)
    Delay_us                                 0x080008e9   Thumb Code    22  dth11.o(i.Delay_us)
    i.Dht11_Check                            0x08000904   Section        0  dth11.o(i.Dht11_Check)
    Dht11_Check                              0x08000905   Thumb Code   100  dth11.o(i.Dht11_Check)
    i.Display_Operation_Status               0x0800096c   Section        0  display_data_task.o(i.Display_Operation_Status)
    i.ESP8266_AT_RESTORE                     0x080009bc   Section        0  esp8266.o(i.ESP8266_AT_RESTORE)
    i.ESP8266_Init                           0x08000a14   Section        0  esp8266.o(i.ESP8266_Init)
    i.ESP8266_JoinAP                         0x08000a6c   Section        0  esp8266.o(i.ESP8266_JoinAP)
    i.ESP8266_MQTTCONN                       0x08000aa8   Section        0  esp8266.o(i.ESP8266_MQTTCONN)
    i.ESP8266_MQTTSETCLIENTID                0x08000ae8   Section        0  esp8266.o(i.ESP8266_MQTTSETCLIENTID)
    i.ESP8266_MQTTSUB                        0x08000b24   Section        0  esp8266.o(i.ESP8266_MQTTSUB)
    i.ESP8266_MQTTUSERCFG                    0x08000b5c   Section        0  esp8266.o(i.ESP8266_MQTTUSERCFG)
    i.ESP8266_Net_Mode_Choose                0x08000bb0   Section        0  esp8266.o(i.ESP8266_Net_Mode_Choose)
    i.ESP8266_Rst                            0x08000c10   Section        0  esp8266.o(i.ESP8266_Rst)
    i.ESP8266_Send_AT_Cmd                    0x08000c3c   Section        0  esp8266.o(i.ESP8266_Send_AT_Cmd)
    i.ESP8266_Set_SNTP                       0x08000cd4   Section        0  esp8266.o(i.ESP8266_Set_SNTP)
    i.EXTI15_10_IRQHandler                   0x08000d2c   Section        0  stm32f1xx_it.o(i.EXTI15_10_IRQHandler)
    i.Error_Handler                          0x08000d34   Section        0  main.o(i.Error_Handler)
    i.HAL_ADCEx_Calibration_Start            0x08000d48   Section        0  stm32f1xx_hal_adc_ex.o(i.HAL_ADCEx_Calibration_Start)
    i.HAL_ADCEx_InjectedConvCpltCallback     0x08000e10   Section        0  stm32f1xx_hal_adc_ex.o(i.HAL_ADCEx_InjectedConvCpltCallback)
    i.HAL_ADC_ConfigChannel                  0x08000e14   Section        0  stm32f1xx_hal_adc.o(i.HAL_ADC_ConfigChannel)
    i.HAL_ADC_ConvCpltCallback               0x08000f10   Section        0  adc_operation.o(i.HAL_ADC_ConvCpltCallback)
    i.HAL_ADC_ConvHalfCpltCallback           0x08000f1c   Section        0  stm32f1xx_hal_adc.o(i.HAL_ADC_ConvHalfCpltCallback)
    i.HAL_ADC_ErrorCallback                  0x08000f1e   Section        0  stm32f1xx_hal_adc.o(i.HAL_ADC_ErrorCallback)
    i.HAL_ADC_IRQHandler                     0x08000f20   Section        0  stm32f1xx_hal_adc.o(i.HAL_ADC_IRQHandler)
    i.HAL_ADC_Init                           0x08001008   Section        0  stm32f1xx_hal_adc.o(i.HAL_ADC_Init)
    i.HAL_ADC_LevelOutOfWindowCallback       0x08001124   Section        0  stm32f1xx_hal_adc.o(i.HAL_ADC_LevelOutOfWindowCallback)
    i.HAL_ADC_MspInit                        0x08001128   Section        0  adc.o(i.HAL_ADC_MspInit)
    i.HAL_ADC_Start_DMA                      0x080011ec   Section        0  stm32f1xx_hal_adc.o(i.HAL_ADC_Start_DMA)
    i.HAL_DMA_Abort_IT                       0x080012f8   Section        0  stm32f1xx_hal_dma.o(i.HAL_DMA_Abort_IT)
    i.HAL_DMA_IRQHandler                     0x08001390   Section        0  stm32f1xx_hal_dma.o(i.HAL_DMA_IRQHandler)
    i.HAL_DMA_Init                           0x080014e4   Section        0  stm32f1xx_hal_dma.o(i.HAL_DMA_Init)
    i.HAL_DMA_Start_IT                       0x08001540   Section        0  stm32f1xx_hal_dma.o(i.HAL_DMA_Start_IT)
    i.HAL_Delay                              0x080015b0   Section        0  stm32f1xx_hal.o(i.HAL_Delay)
    i.HAL_GPIO_EXTI_Callback                 0x080015d4   Section        0  stm32f1xx_hal_gpio.o(i.HAL_GPIO_EXTI_Callback)
    i.HAL_GPIO_EXTI_IRQHandler               0x080015d8   Section        0  stm32f1xx_hal_gpio.o(i.HAL_GPIO_EXTI_IRQHandler)
    i.HAL_GPIO_Init                          0x080015f0   Section        0  stm32f1xx_hal_gpio.o(i.HAL_GPIO_Init)
    i.HAL_GPIO_ReadPin                       0x080017d0   Section        0  stm32f1xx_hal_gpio.o(i.HAL_GPIO_ReadPin)
    i.HAL_GPIO_TogglePin                     0x080017da   Section        0  stm32f1xx_hal_gpio.o(i.HAL_GPIO_TogglePin)
    i.HAL_GPIO_WritePin                      0x080017ea   Section        0  stm32f1xx_hal_gpio.o(i.HAL_GPIO_WritePin)
    i.HAL_GetTick                            0x080017f4   Section        0  stm32f1xx_hal.o(i.HAL_GetTick)
    i.HAL_I2C_Init                           0x08001800   Section        0  stm32f1xx_hal_i2c.o(i.HAL_I2C_Init)
    i.HAL_I2C_Mem_Write                      0x08001988   Section        0  stm32f1xx_hal_i2c.o(i.HAL_I2C_Mem_Write)
    i.HAL_I2C_MspInit                        0x08001ab8   Section        0  i2c.o(i.HAL_I2C_MspInit)
    i.HAL_IncTick                            0x08001b14   Section        0  stm32f1xx_hal.o(i.HAL_IncTick)
    i.HAL_Init                               0x08001b24   Section        0  stm32f1xx_hal.o(i.HAL_Init)
    i.HAL_InitTick                           0x08001b48   Section        0  stm32f1xx_hal_timebase_tim.o(i.HAL_InitTick)
    i.HAL_MspInit                            0x08001bbc   Section        0  stm32f1xx_hal_msp.o(i.HAL_MspInit)
    i.HAL_NVIC_EnableIRQ                     0x08001c04   Section        0  stm32f1xx_hal_cortex.o(i.HAL_NVIC_EnableIRQ)
    i.HAL_NVIC_SetPriority                   0x08001c20   Section        0  stm32f1xx_hal_cortex.o(i.HAL_NVIC_SetPriority)
    i.HAL_NVIC_SetPriorityGrouping           0x08001c60   Section        0  stm32f1xx_hal_cortex.o(i.HAL_NVIC_SetPriorityGrouping)
    i.HAL_RCCEx_GetPeriphCLKFreq             0x08001c84   Section        0  stm32f1xx_hal_rcc_ex.o(i.HAL_RCCEx_GetPeriphCLKFreq)
    i.HAL_RCCEx_PeriphCLKConfig              0x08001d4c   Section        0  stm32f1xx_hal_rcc_ex.o(i.HAL_RCCEx_PeriphCLKConfig)
    i.HAL_RCC_ClockConfig                    0x08001e38   Section        0  stm32f1xx_hal_rcc.o(i.HAL_RCC_ClockConfig)
    i.HAL_RCC_GetClockConfig                 0x08001f64   Section        0  stm32f1xx_hal_rcc.o(i.HAL_RCC_GetClockConfig)
    i.HAL_RCC_GetHCLKFreq                    0x08001fa4   Section        0  stm32f1xx_hal_rcc.o(i.HAL_RCC_GetHCLKFreq)
    i.HAL_RCC_GetPCLK1Freq                   0x08001fb0   Section        0  stm32f1xx_hal_rcc.o(i.HAL_RCC_GetPCLK1Freq)
    i.HAL_RCC_GetPCLK2Freq                   0x08001fd0   Section        0  stm32f1xx_hal_rcc.o(i.HAL_RCC_GetPCLK2Freq)
    i.HAL_RCC_GetSysClockFreq                0x08001ff0   Section        0  stm32f1xx_hal_rcc.o(i.HAL_RCC_GetSysClockFreq)
    i.HAL_RCC_OscConfig                      0x0800205c   Section        0  stm32f1xx_hal_rcc.o(i.HAL_RCC_OscConfig)
    i.HAL_TIMEx_BreakCallback                0x0800237c   Section        0  stm32f1xx_hal_tim_ex.o(i.HAL_TIMEx_BreakCallback)
    i.HAL_TIMEx_CommutCallback               0x0800237e   Section        0  stm32f1xx_hal_tim_ex.o(i.HAL_TIMEx_CommutCallback)
    i.HAL_TIMEx_MasterConfigSynchronization  0x08002380   Section        0  stm32f1xx_hal_tim_ex.o(i.HAL_TIMEx_MasterConfigSynchronization)
    i.HAL_TIM_Base_Init                      0x080023e8   Section        0  stm32f1xx_hal_tim.o(i.HAL_TIM_Base_Init)
    i.HAL_TIM_Base_MspInit                   0x08002444   Section        0  tim.o(i.HAL_TIM_Base_MspInit)
    i.HAL_TIM_Base_Start_IT                  0x08002480   Section        0  stm32f1xx_hal_tim.o(i.HAL_TIM_Base_Start_IT)
    i.HAL_TIM_ConfigClockSource              0x080024d8   Section        0  stm32f1xx_hal_tim.o(i.HAL_TIM_ConfigClockSource)
    i.HAL_TIM_IC_CaptureCallback             0x080025ae   Section        0  stm32f1xx_hal_tim.o(i.HAL_TIM_IC_CaptureCallback)
    i.HAL_TIM_IRQHandler                     0x080025b0   Section        0  stm32f1xx_hal_tim.o(i.HAL_TIM_IRQHandler)
    i.HAL_TIM_OC_DelayElapsedCallback        0x08002716   Section        0  stm32f1xx_hal_tim.o(i.HAL_TIM_OC_DelayElapsedCallback)
    i.HAL_TIM_PWM_PulseFinishedCallback      0x08002718   Section        0  stm32f1xx_hal_tim.o(i.HAL_TIM_PWM_PulseFinishedCallback)
    i.HAL_TIM_PeriodElapsedCallback          0x0800271c   Section        0  main.o(i.HAL_TIM_PeriodElapsedCallback)
    i.HAL_TIM_TriggerCallback                0x08002730   Section        0  stm32f1xx_hal_tim.o(i.HAL_TIM_TriggerCallback)
    i.HAL_UART_ErrorCallback                 0x08002732   Section        0  stm32f1xx_hal_uart.o(i.HAL_UART_ErrorCallback)
    i.HAL_UART_IRQHandler                    0x08002734   Section        0  stm32f1xx_hal_uart.o(i.HAL_UART_IRQHandler)
    i.HAL_UART_Init                          0x08002890   Section        0  stm32f1xx_hal_uart.o(i.HAL_UART_Init)
    i.HAL_UART_MspInit                       0x080028f4   Section        0  usart.o(i.HAL_UART_MspInit)
    i.HAL_UART_Receive_IT                    0x080029f8   Section        0  stm32f1xx_hal_uart.o(i.HAL_UART_Receive_IT)
    i.HAL_UART_RxCpltCallback                0x08002a4a   Section        0  esp8266.o(i.HAL_UART_RxCpltCallback)
    i.HAL_UART_Transmit                      0x08002a4c   Section        0  stm32f1xx_hal_uart.o(i.HAL_UART_Transmit)
    i.HAL_UART_TxCpltCallback                0x08002afe   Section        0  stm32f1xx_hal_uart.o(i.HAL_UART_TxCpltCallback)
    i.HardFault_Handler                      0x08002b00   Section        0  stm32f1xx_it.o(i.HardFault_Handler)
    i.I2C_IsAcknowledgeFailed                0x08002b02   Section        0  stm32f1xx_hal_i2c.o(i.I2C_IsAcknowledgeFailed)
    I2C_IsAcknowledgeFailed                  0x08002b03   Thumb Code    46  stm32f1xx_hal_i2c.o(i.I2C_IsAcknowledgeFailed)
    i.I2C_RequestMemoryWrite                 0x08002b30   Section        0  stm32f1xx_hal_i2c.o(i.I2C_RequestMemoryWrite)
    I2C_RequestMemoryWrite                   0x08002b31   Thumb Code   162  stm32f1xx_hal_i2c.o(i.I2C_RequestMemoryWrite)
    i.I2C_WaitOnBTFFlagUntilTimeout          0x08002bd8   Section        0  stm32f1xx_hal_i2c.o(i.I2C_WaitOnBTFFlagUntilTimeout)
    I2C_WaitOnBTFFlagUntilTimeout            0x08002bd9   Thumb Code    76  stm32f1xx_hal_i2c.o(i.I2C_WaitOnBTFFlagUntilTimeout)
    i.I2C_WaitOnFlagUntilTimeout             0x08002c24   Section        0  stm32f1xx_hal_i2c.o(i.I2C_WaitOnFlagUntilTimeout)
    I2C_WaitOnFlagUntilTimeout               0x08002c25   Thumb Code   104  stm32f1xx_hal_i2c.o(i.I2C_WaitOnFlagUntilTimeout)
    i.I2C_WaitOnMasterAddressFlagUntilTimeout 0x08002c8c   Section        0  stm32f1xx_hal_i2c.o(i.I2C_WaitOnMasterAddressFlagUntilTimeout)
    I2C_WaitOnMasterAddressFlagUntilTimeout  0x08002c8d   Thumb Code   150  stm32f1xx_hal_i2c.o(i.I2C_WaitOnMasterAddressFlagUntilTimeout)
    i.I2C_WaitOnTXEFlagUntilTimeout          0x08002d22   Section        0  stm32f1xx_hal_i2c.o(i.I2C_WaitOnTXEFlagUntilTimeout)
    I2C_WaitOnTXEFlagUntilTimeout            0x08002d23   Thumb Code    76  stm32f1xx_hal_i2c.o(i.I2C_WaitOnTXEFlagUntilTimeout)
    i.MX_ADC1_Init                           0x08002d70   Section        0  adc.o(i.MX_ADC1_Init)
    i.MX_DMA_Init                            0x08002e18   Section        0  dma.o(i.MX_DMA_Init)
    i.MX_GPIO_Init                           0x08002e44   Section        0  gpio.o(i.MX_GPIO_Init)
    i.MX_I2C1_Init                           0x08002f38   Section        0  i2c.o(i.MX_I2C1_Init)
    i.MX_TIM3_Init                           0x08002f78   Section        0  tim.o(i.MX_TIM3_Init)
    i.MX_USART1_UART_Init                    0x08002fe0   Section        0  usart.o(i.MX_USART1_UART_Init)
    i.MX_USART2_UART_Init                    0x08003018   Section        0  usart.o(i.MX_USART2_UART_Init)
    i.MX_USART3_UART_Init                    0x08003050   Section        0  usart.o(i.MX_USART3_UART_Init)
    i.MemManage_Handler                      0x08003088   Section        0  stm32f1xx_it.o(i.MemManage_Handler)
    i.NMI_Handler                            0x0800308a   Section        0  stm32f1xx_it.o(i.NMI_Handler)
    i.OLED_CLS                               0x0800308c   Section        0  oled.o(i.OLED_CLS)
    i.OLED_Fill                              0x08003092   Section        0  oled.o(i.OLED_Fill)
    i.OLED_Init                              0x080030e6   Section        0  oled.o(i.OLED_Init)
    i.OLED_OFF                               0x08003218   Section        0  oled.o(i.OLED_OFF)
    i.OLED_ON                                0x0800323a   Section        0  oled.o(i.OLED_ON)
    i.OLED_SetPos                            0x0800325c   Section        0  oled.o(i.OLED_SetPos)
    i.OLED_ShowStr                           0x0800328c   Section        0  oled.o(i.OLED_ShowStr)
    i.SysTick_Handler                        0x080033a8   Section        0  port.o(i.SysTick_Handler)
    i.SystemClock_Config                     0x080033d4   Section        0  main.o(i.SystemClock_Config)
    i.SystemInit                             0x0800343e   Section        0  system_stm32f1xx.o(i.SystemInit)
    i.TIM1_UP_IRQHandler                     0x08003440   Section        0  stm32f1xx_it.o(i.TIM1_UP_IRQHandler)
    i.TIM3_IRQHandler                        0x0800344c   Section        0  stm32f1xx_it.o(i.TIM3_IRQHandler)
    i.TIM_Base_SetConfig                     0x08003458   Section        0  stm32f1xx_hal_tim.o(i.TIM_Base_SetConfig)
    i.TIM_ETR_SetConfig                      0x080034c4   Section        0  stm32f1xx_hal_tim.o(i.TIM_ETR_SetConfig)
    i.TIM_ITRx_SetConfig                     0x080034d8   Section        0  stm32f1xx_hal_tim.o(i.TIM_ITRx_SetConfig)
    TIM_ITRx_SetConfig                       0x080034d9   Thumb Code    16  stm32f1xx_hal_tim.o(i.TIM_ITRx_SetConfig)
    i.TIM_TI1_ConfigInputStage               0x080034e8   Section        0  stm32f1xx_hal_tim.o(i.TIM_TI1_ConfigInputStage)
    TIM_TI1_ConfigInputStage                 0x080034e9   Thumb Code    34  stm32f1xx_hal_tim.o(i.TIM_TI1_ConfigInputStage)
    i.TIM_TI2_ConfigInputStage               0x0800350a   Section        0  stm32f1xx_hal_tim.o(i.TIM_TI2_ConfigInputStage)
    TIM_TI2_ConfigInputStage                 0x0800350b   Thumb Code    36  stm32f1xx_hal_tim.o(i.TIM_TI2_ConfigInputStage)
    i.UART_DMAAbortOnError                   0x0800352e   Section        0  stm32f1xx_hal_uart.o(i.UART_DMAAbortOnError)
    UART_DMAAbortOnError                     0x0800352f   Thumb Code    16  stm32f1xx_hal_uart.o(i.UART_DMAAbortOnError)
    i.UART_EndRxTransfer                     0x0800353e   Section        0  stm32f1xx_hal_uart.o(i.UART_EndRxTransfer)
    UART_EndRxTransfer                       0x0800353f   Thumb Code    28  stm32f1xx_hal_uart.o(i.UART_EndRxTransfer)
    i.UART_Receive_IT                        0x0800355a   Section        0  stm32f1xx_hal_uart.o(i.UART_Receive_IT)
    UART_Receive_IT                          0x0800355b   Thumb Code   140  stm32f1xx_hal_uart.o(i.UART_Receive_IT)
    i.UART_SetConfig                         0x080035e8   Section        0  stm32f1xx_hal_uart.o(i.UART_SetConfig)
    UART_SetConfig                           0x080035e9   Thumb Code   178  stm32f1xx_hal_uart.o(i.UART_SetConfig)
    i.UART_WaitOnFlagUntilTimeout            0x080036a0   Section        0  stm32f1xx_hal_uart.o(i.UART_WaitOnFlagUntilTimeout)
    UART_WaitOnFlagUntilTimeout              0x080036a1   Thumb Code   100  stm32f1xx_hal_uart.o(i.UART_WaitOnFlagUntilTimeout)
    i.USART1_IRQHandler                      0x08003704   Section        0  stm32f1xx_it.o(i.USART1_IRQHandler)
    i.USART1_printf                          0x08003784   Section        0  uart_printf.o(i.USART1_printf)
    i.UploadData_To_Server                   0x080038ac   Section        0  connect_iot_task.o(i.UploadData_To_Server)
    i.UsageFault_Handler                     0x080038b0   Section        0  stm32f1xx_it.o(i.UsageFault_Handler)
    i.WriteCmd                               0x080038b4   Section        0  oled.o(i.WriteCmd)
    i.WriteDat                               0x080038e0   Section        0  oled.o(i.WriteDat)
    i.__0printf$3                            0x0800390c   Section        0  printf3.o(i.__0printf$3)
    i.__0sprintf$3                           0x0800392c   Section        0  printf3.o(i.__0sprintf$3)
    i.__NVIC_SetPriority                     0x08003954   Section        0  stm32f1xx_hal_cortex.o(i.__NVIC_SetPriority)
    __NVIC_SetPriority                       0x08003955   Thumb Code    32  stm32f1xx_hal_cortex.o(i.__NVIC_SetPriority)
    i.__scatterload_copy                     0x08003974   Section       14  handlers.o(i.__scatterload_copy)
    i.__scatterload_null                     0x08003982   Section        2  handlers.o(i.__scatterload_null)
    i.__scatterload_zeroinit                 0x08003984   Section       14  handlers.o(i.__scatterload_zeroinit)
    i._printf_core                           0x08003994   Section        0  printf3.o(i._printf_core)
    _printf_core                             0x08003995   Thumb Code   436  printf3.o(i._printf_core)
    i._sputc                                 0x08003b4c   Section        0  printf3.o(i._sputc)
    _sputc                                   0x08003b4d   Thumb Code    10  printf3.o(i._sputc)
    i.fputc                                  0x08003b58   Section        0  uart_printf.o(i.fputc)
    i.main                                   0x08003b70   Section        0  main.o(i.main)
    i.prvResetNextTaskUnblockTime            0x08003c48   Section        0  tasks.o(i.prvResetNextTaskUnblockTime)
    prvResetNextTaskUnblockTime              0x08003c49   Thumb Code    26  tasks.o(i.prvResetNextTaskUnblockTime)
    i.uxListRemove                           0x08003c68   Section        0  list.o(i.uxListRemove)
    i.vListInsertEnd                         0x08003c8e   Section        0  list.o(i.vListInsertEnd)
    i.vTaskSwitchContext                     0x08003ca8   Section        0  tasks.o(i.vTaskSwitchContext)
    i.xTaskIncrementTick                     0x08003d04   Section        0  tasks.o(i.xTaskIncrementTick)
    .constdata                               0x08003dcc   Section       16  system_stm32f1xx.o(.constdata)
    .constdata                               0x08003ddc   Section        8  system_stm32f1xx.o(.constdata)
    .constdata                               0x08003de4   Section     2072  oled.o(.constdata)
    .data                                    0x20000000   Section        4  main.o(.data)
    ret                                      0x20000000   Data           4  main.o(.data)
    .data                                    0x20000004   Section       12  stm32f1xx_hal.o(.data)
    .data                                    0x20000010   Section        4  system_stm32f1xx.o(.data)
    .data                                    0x20000014   Section       60  tasks.o(.data)
    pxDelayedTaskList                        0x20000018   Data           4  tasks.o(.data)
    pxOverflowDelayedTaskList                0x2000001c   Data           4  tasks.o(.data)
    uxDeletedTasksWaitingCleanUp             0x20000020   Data           4  tasks.o(.data)
    uxCurrentNumberOfTasks                   0x20000024   Data           4  tasks.o(.data)
    xTickCount                               0x20000028   Data           4  tasks.o(.data)
    uxTopReadyPriority                       0x2000002c   Data           4  tasks.o(.data)
    xSchedulerRunning                        0x20000030   Data           4  tasks.o(.data)
    uxPendedTicks                            0x20000034   Data           4  tasks.o(.data)
    xYieldPending                            0x20000038   Data           4  tasks.o(.data)
    xNumOfOverflows                          0x2000003c   Data           4  tasks.o(.data)
    uxTaskNumber                             0x20000040   Data           4  tasks.o(.data)
    xNextTaskUnblockTime                     0x20000044   Data           4  tasks.o(.data)
    xIdleTaskHandle                          0x20000048   Data           4  tasks.o(.data)
    uxSchedulerSuspended                     0x2000004c   Data           4  tasks.o(.data)
    .data                                    0x20000050   Section        1  esp8266.o(.data)
    .data                                    0x20000052   Section       12  adc_operation.o(.data)
    uhADCChannel_4_ToDAC_mVolt               0x20000054   Data           2  adc_operation.o(.data)
    uhADCChannel_6_ToDAC_mVolt               0x20000056   Data           2  adc_operation.o(.data)
    uhADCChannel_7_ToDAC_mVolt               0x20000058   Data           2  adc_operation.o(.data)
    uhADCChannel_8_ToDAC_mVolt               0x2000005a   Data           2  adc_operation.o(.data)
    uhVrefInt_mVolt                          0x2000005c   Data           2  adc_operation.o(.data)
    .data                                    0x20000060   Section        4  stdout.o(.data)
    .bss                                     0x20000064   Section      116  adc.o(.bss)
    .bss                                     0x200000d8   Section       84  i2c.o(.bss)
    .bss                                     0x2000012c   Section       72  tim.o(.bss)
    .bss                                     0x20000174   Section      204  usart.o(.bss)
    .bss                                     0x20000240   Section       72  stm32f1xx_hal_timebase_tim.o(.bss)
    .bss                                     0x20000288   Section      460  tasks.o(.bss)
    pxReadyTasksLists                        0x20000288   Data         360  tasks.o(.bss)
    xDelayedTaskList1                        0x200003f0   Data          20  tasks.o(.bss)
    xDelayedTaskList2                        0x20000404   Data          20  tasks.o(.bss)
    xPendingReadyList                        0x20000418   Data          20  tasks.o(.bss)
    xTasksWaitingTermination                 0x2000042c   Data          20  tasks.o(.bss)
    xSuspendedTaskList                       0x20000440   Data          20  tasks.o(.bss)
    .bss                                     0x20000454   Section     1026  esp8266.o(.bss)
    .bss                                     0x20000856   Section       10  adc_operation.o(.bss)
    STACK                                    0x20000860   Section     1024  startup_stm32f103xb.o(STACK)

    Global Symbols

    Symbol Name                              Value     Ov Type        Size  Object(Section)

    BuildAttributes$$THM_ISAv4$P$D$K$B$S$PE$A:L22UL41UL21$X:L11$S22US41US21$IEEE1$IW$USESV6$~STKCKD$USESV7$~SHL$OTIME$ROPI$IEEEX$EBA8$MICROLIB$REQ8$PRES8$EABIv2 0x00000000   Number         0  anon$$obj.o ABSOLUTE
    __ARM_use_no_argv                        0x00000000   Number         0  main.o ABSOLUTE
    _printf_a                                0x00000000   Number         0  stubs.o ABSOLUTE
    _printf_c                                0x00000000   Number         0  stubs.o ABSOLUTE
    _printf_charcount                        0x00000000   Number         0  stubs.o ABSOLUTE
    _printf_d                                0x00000000   Number         0  stubs.o ABSOLUTE
    _printf_e                                0x00000000   Number         0  stubs.o ABSOLUTE
    _printf_f                                0x00000000   Number         0  stubs.o ABSOLUTE
    _printf_flags                            0x00000000   Number         0  stubs.o ABSOLUTE
    _printf_fp_dec                           0x00000000   Number         0  stubs.o ABSOLUTE
    _printf_fp_hex                           0x00000000   Number         0  stubs.o ABSOLUTE
    _printf_g                                0x00000000   Number         0  stubs.o ABSOLUTE
    _printf_i                                0x00000000   Number         0  stubs.o ABSOLUTE
    _printf_int_dec                          0x00000000   Number         0  stubs.o ABSOLUTE
    _printf_l                                0x00000000   Number         0  stubs.o ABSOLUTE
    _printf_lc                               0x00000000   Number         0  stubs.o ABSOLUTE
    _printf_ll                               0x00000000   Number         0  stubs.o ABSOLUTE
    _printf_lld                              0x00000000   Number         0  stubs.o ABSOLUTE
    _printf_lli                              0x00000000   Number         0  stubs.o ABSOLUTE
    _printf_llo                              0x00000000   Number         0  stubs.o ABSOLUTE
    _printf_llu                              0x00000000   Number         0  stubs.o ABSOLUTE
    _printf_llx                              0x00000000   Number         0  stubs.o ABSOLUTE
    _printf_longlong_dec                     0x00000000   Number         0  stubs.o ABSOLUTE
    _printf_longlong_hex                     0x00000000   Number         0  stubs.o ABSOLUTE
    _printf_longlong_oct                     0x00000000   Number         0  stubs.o ABSOLUTE
    _printf_ls                               0x00000000   Number         0  stubs.o ABSOLUTE
    _printf_mbtowc                           0x00000000   Number         0  stubs.o ABSOLUTE
    _printf_n                                0x00000000   Number         0  stubs.o ABSOLUTE
    _printf_o                                0x00000000   Number         0  stubs.o ABSOLUTE
    _printf_p                                0x00000000   Number         0  stubs.o ABSOLUTE
    _printf_percent                          0x00000000   Number         0  stubs.o ABSOLUTE
    _printf_pre_padding                      0x00000000   Number         0  stubs.o ABSOLUTE
    _printf_return_value                     0x00000000   Number         0  stubs.o ABSOLUTE
    _printf_s                                0x00000000   Number         0  stubs.o ABSOLUTE
    _printf_sizespec                         0x00000000   Number         0  stubs.o ABSOLUTE
    _printf_str                              0x00000000   Number         0  stubs.o ABSOLUTE
    _printf_truncate_signed                  0x00000000   Number         0  stubs.o ABSOLUTE
    _printf_truncate_unsigned                0x00000000   Number         0  stubs.o ABSOLUTE
    _printf_u                                0x00000000   Number         0  stubs.o ABSOLUTE
    _printf_wc                               0x00000000   Number         0  stubs.o ABSOLUTE
    _printf_wctomb                           0x00000000   Number         0  stubs.o ABSOLUTE
    _printf_widthprec                        0x00000000   Number         0  stubs.o ABSOLUTE
    _printf_x                                0x00000000   Number         0  stubs.o ABSOLUTE
    __arm_fini_                               - Undefined Weak Reference
    __cpp_initialize__aeabi_                  - Undefined Weak Reference
    __cxa_finalize                            - Undefined Weak Reference
    __decompress                              - Undefined Weak Reference
    _clock_init                               - Undefined Weak Reference
    _microlib_exit                            - Undefined Weak Reference
    __Vectors_Size                           0x000000ec   Number         0  startup_stm32f103xb.o ABSOLUTE
    __Vectors                                0x08000000   Data           4  startup_stm32f103xb.o(RESET)
    __Vectors_End                            0x080000ec   Data           0  startup_stm32f103xb.o(RESET)
    __main                                   0x080000ed   Thumb Code     0  entry.o(.ARM.Collect$$$$00000000)
    _main_stk                                0x080000ed   Thumb Code     0  entry2.o(.ARM.Collect$$$$00000001)
    _main_scatterload                        0x080000f1   Thumb Code     0  entry5.o(.ARM.Collect$$$$00000004)
    __main_after_scatterload                 0x080000f5   Thumb Code     0  entry5.o(.ARM.Collect$$$$00000004)
    _main_clock                              0x080000f5   Thumb Code     0  entry7b.o(.ARM.Collect$$$$00000008)
    _main_cpp_init                           0x080000f5   Thumb Code     0  entry8b.o(.ARM.Collect$$$$0000000A)
    _main_init                               0x080000f5   Thumb Code     0  entry9a.o(.ARM.Collect$$$$0000000B)
    __rt_lib_shutdown_fini                   0x080000fd   Thumb Code     0  entry12b.o(.ARM.Collect$$$$0000000E)
    __rt_final_cpp                           0x08000101   Thumb Code     0  entry10a.o(.ARM.Collect$$$$0000000F)
    __rt_final_exit                          0x08000101   Thumb Code     0  entry11a.o(.ARM.Collect$$$$00000011)
    SVC_Handler                              0x08000105   Thumb Code    32  port.o(.emb_text)
    __asm___6_port_c_39a90d8d__prvStartFirstTask 0x08000129   Thumb Code    28  port.o(.emb_text)
    PendSV_Handler                           0x08000149   Thumb Code    72  port.o(.emb_text)
    vPortGetIPSR                             0x08000195   Thumb Code     6  port.o(.emb_text)
    Reset_Handler                            0x0800019d   Thumb Code     8  startup_stm32f103xb.o(.text)
    CAN1_RX1_IRQHandler                      0x080001b7   Thumb Code     0  startup_stm32f103xb.o(.text)
    CAN1_SCE_IRQHandler                      0x080001b7   Thumb Code     0  startup_stm32f103xb.o(.text)
    DMA1_Channel2_IRQHandler                 0x080001b7   Thumb Code     0  startup_stm32f103xb.o(.text)
    DMA1_Channel3_IRQHandler                 0x080001b7   Thumb Code     0  startup_stm32f103xb.o(.text)
    DMA1_Channel4_IRQHandler                 0x080001b7   Thumb Code     0  startup_stm32f103xb.o(.text)
    DMA1_Channel5_IRQHandler                 0x080001b7   Thumb Code     0  startup_stm32f103xb.o(.text)
    DMA1_Channel6_IRQHandler                 0x080001b7   Thumb Code     0  startup_stm32f103xb.o(.text)
    DMA1_Channel7_IRQHandler                 0x080001b7   Thumb Code     0  startup_stm32f103xb.o(.text)
    EXTI0_IRQHandler                         0x080001b7   Thumb Code     0  startup_stm32f103xb.o(.text)
    EXTI1_IRQHandler                         0x080001b7   Thumb Code     0  startup_stm32f103xb.o(.text)
    EXTI2_IRQHandler                         0x080001b7   Thumb Code     0  startup_stm32f103xb.o(.text)
    EXTI3_IRQHandler                         0x080001b7   Thumb Code     0  startup_stm32f103xb.o(.text)
    EXTI4_IRQHandler                         0x080001b7   Thumb Code     0  startup_stm32f103xb.o(.text)
    EXTI9_5_IRQHandler                       0x080001b7   Thumb Code     0  startup_stm32f103xb.o(.text)
    FLASH_IRQHandler                         0x080001b7   Thumb Code     0  startup_stm32f103xb.o(.text)
    I2C1_ER_IRQHandler                       0x080001b7   Thumb Code     0  startup_stm32f103xb.o(.text)
    I2C1_EV_IRQHandler                       0x080001b7   Thumb Code     0  startup_stm32f103xb.o(.text)
    I2C2_ER_IRQHandler                       0x080001b7   Thumb Code     0  startup_stm32f103xb.o(.text)
    I2C2_EV_IRQHandler                       0x080001b7   Thumb Code     0  startup_stm32f103xb.o(.text)
    PVD_IRQHandler                           0x080001b7   Thumb Code     0  startup_stm32f103xb.o(.text)
    RCC_IRQHandler                           0x080001b7   Thumb Code     0  startup_stm32f103xb.o(.text)
    RTC_Alarm_IRQHandler                     0x080001b7   Thumb Code     0  startup_stm32f103xb.o(.text)
    RTC_IRQHandler                           0x080001b7   Thumb Code     0  startup_stm32f103xb.o(.text)
    SPI1_IRQHandler                          0x080001b7   Thumb Code     0  startup_stm32f103xb.o(.text)
    SPI2_IRQHandler                          0x080001b7   Thumb Code     0  startup_stm32f103xb.o(.text)
    TAMPER_IRQHandler                        0x080001b7   Thumb Code     0  startup_stm32f103xb.o(.text)
    TIM1_BRK_IRQHandler                      0x080001b7   Thumb Code     0  startup_stm32f103xb.o(.text)
    TIM1_CC_IRQHandler                       0x080001b7   Thumb Code     0  startup_stm32f103xb.o(.text)
    TIM1_TRG_COM_IRQHandler                  0x080001b7   Thumb Code     0  startup_stm32f103xb.o(.text)
    TIM2_IRQHandler                          0x080001b7   Thumb Code     0  startup_stm32f103xb.o(.text)
    TIM4_IRQHandler                          0x080001b7   Thumb Code     0  startup_stm32f103xb.o(.text)
    USART2_IRQHandler                        0x080001b7   Thumb Code     0  startup_stm32f103xb.o(.text)
    USART3_IRQHandler                        0x080001b7   Thumb Code     0  startup_stm32f103xb.o(.text)
    USBWakeUp_IRQHandler                     0x080001b7   Thumb Code     0  startup_stm32f103xb.o(.text)
    USB_HP_CAN1_TX_IRQHandler                0x080001b7   Thumb Code     0  startup_stm32f103xb.o(.text)
    USB_LP_CAN1_RX0_IRQHandler               0x080001b7   Thumb Code     0  startup_stm32f103xb.o(.text)
    WWDG_IRQHandler                          0x080001b7   Thumb Code     0  startup_stm32f103xb.o(.text)
    __aeabi_memset                           0x080001c1   Thumb Code    14  memseta.o(.text)
    __aeabi_memset4                          0x080001c1   Thumb Code     0  memseta.o(.text)
    __aeabi_memset8                          0x080001c1   Thumb Code     0  memseta.o(.text)
    __aeabi_memclr                           0x080001cf   Thumb Code     4  memseta.o(.text)
    __aeabi_memclr4                          0x080001cf   Thumb Code     0  memseta.o(.text)
    __aeabi_memclr8                          0x080001cf   Thumb Code     0  memseta.o(.text)
    memset                                   0x080001d3   Thumb Code    18  memseta.o(.text)
    strstr                                   0x080001e5   Thumb Code    36  strstr.o(.text)
    __aeabi_uidiv                            0x08000209   Thumb Code     0  uidiv.o(.text)
    __aeabi_uidivmod                         0x08000209   Thumb Code    44  uidiv.o(.text)
    __scatterload                            0x08000235   Thumb Code    28  init.o(.text)
    __scatterload_rt2                        0x08000235   Thumb Code     0  init.o(.text)
    ADC1_2_IRQHandler                        0x08000259   Thumb Code     6  stm32f1xx_it.o(i.ADC1_2_IRQHandler)
    ADC_ConversionStop_Disable               0x08000265   Thumb Code    76  stm32f1xx_hal_adc.o(i.ADC_ConversionStop_Disable)
    ADC_DMAConvCplt                          0x080002b1   Thumb Code    78  stm32f1xx_hal_adc.o(i.ADC_DMAConvCplt)
    ADC_DMAError                             0x080002ff   Thumb Code    26  stm32f1xx_hal_adc.o(i.ADC_DMAError)
    ADC_DMAHalfConvCplt                      0x08000319   Thumb Code    10  stm32f1xx_hal_adc.o(i.ADC_DMAHalfConvCplt)
    ADC_Enable                               0x08000325   Thumb Code   104  stm32f1xx_hal_adc.o(i.ADC_Enable)
    BSP_Init                                 0x08000395   Thumb Code   236  main.o(i.BSP_Init)
    BusFault_Handler                         0x080005e9   Thumb Code     2  stm32f1xx_it.o(i.BusFault_Handler)
    Buzzer_Work                              0x080005ed   Thumb Code    46  buzzer.o(i.Buzzer_Work)
    Connct_aliyun_iot                        0x08000621   Thumb Code   168  connect_iot_task.o(i.Connct_aliyun_iot)
    DHT11_Init                               0x08000851   Thumb Code    24  dth11.o(i.DHT11_Init)
    DMA1_Channel1_IRQHandler                 0x080008b1   Thumb Code     6  stm32f1xx_it.o(i.DMA1_Channel1_IRQHandler)
    DebugMon_Handler                         0x080008e7   Thumb Code     2  stm32f1xx_it.o(i.DebugMon_Handler)
    Display_Operation_Status                 0x0800096d   Thumb Code    64  display_data_task.o(i.Display_Operation_Status)
    ESP8266_AT_RESTORE                       0x080009bd   Thumb Code    54  esp8266.o(i.ESP8266_AT_RESTORE)
    ESP8266_Init                             0x08000a15   Thumb Code    72  esp8266.o(i.ESP8266_Init)
    ESP8266_JoinAP                           0x08000a6d   Thumb Code    34  esp8266.o(i.ESP8266_JoinAP)
    ESP8266_MQTTCONN                         0x08000aa9   Thumb Code    34  esp8266.o(i.ESP8266_MQTTCONN)
    ESP8266_MQTTSETCLIENTID                  0x08000ae9   Thumb Code    32  esp8266.o(i.ESP8266_MQTTSETCLIENTID)
    ESP8266_MQTTSUB                          0x08000b25   Thumb Code    32  esp8266.o(i.ESP8266_MQTTSUB)
    ESP8266_MQTTUSERCFG                      0x08000b5d   Thumb Code    36  esp8266.o(i.ESP8266_MQTTUSERCFG)
    ESP8266_Net_Mode_Choose                  0x08000bb1   Thumb Code    44  esp8266.o(i.ESP8266_Net_Mode_Choose)
    ESP8266_Rst                              0x08000c11   Thumb Code    40  esp8266.o(i.ESP8266_Rst)
    ESP8266_Send_AT_Cmd                      0x08000c3d   Thumb Code   138  esp8266.o(i.ESP8266_Send_AT_Cmd)
    ESP8266_Set_SNTP                         0x08000cd5   Thumb Code    48  esp8266.o(i.ESP8266_Set_SNTP)
    EXTI15_10_IRQHandler                     0x08000d2d   Thumb Code     8  stm32f1xx_it.o(i.EXTI15_10_IRQHandler)
    Error_Handler                            0x08000d35   Thumb Code    18  main.o(i.Error_Handler)
    HAL_ADCEx_Calibration_Start              0x08000d49   Thumb Code   194  stm32f1xx_hal_adc_ex.o(i.HAL_ADCEx_Calibration_Start)
    HAL_ADCEx_InjectedConvCpltCallback       0x08000e11   Thumb Code     2  stm32f1xx_hal_adc_ex.o(i.HAL_ADCEx_InjectedConvCpltCallback)
    HAL_ADC_ConfigChannel                    0x08000e15   Thumb Code   240  stm32f1xx_hal_adc.o(i.HAL_ADC_ConfigChannel)
    HAL_ADC_ConvCpltCallback                 0x08000f11   Thumb Code     8  adc_operation.o(i.HAL_ADC_ConvCpltCallback)
    HAL_ADC_ConvHalfCpltCallback             0x08000f1d   Thumb Code     2  stm32f1xx_hal_adc.o(i.HAL_ADC_ConvHalfCpltCallback)
    HAL_ADC_ErrorCallback                    0x08000f1f   Thumb Code     2  stm32f1xx_hal_adc.o(i.HAL_ADC_ErrorCallback)
    HAL_ADC_IRQHandler                       0x08000f21   Thumb Code   230  stm32f1xx_hal_adc.o(i.HAL_ADC_IRQHandler)
    HAL_ADC_Init                             0x08001009   Thumb Code   272  stm32f1xx_hal_adc.o(i.HAL_ADC_Init)
    HAL_ADC_LevelOutOfWindowCallback         0x08001125   Thumb Code     2  stm32f1xx_hal_adc.o(i.HAL_ADC_LevelOutOfWindowCallback)
    HAL_ADC_MspInit                          0x08001129   Thumb Code   170  adc.o(i.HAL_ADC_MspInit)
    HAL_ADC_Start_DMA                        0x080011ed   Thumb Code   246  stm32f1xx_hal_adc.o(i.HAL_ADC_Start_DMA)
    HAL_DMA_Abort_IT                         0x080012f9   Thumb Code   148  stm32f1xx_hal_dma.o(i.HAL_DMA_Abort_IT)
    HAL_DMA_IRQHandler                       0x08001391   Thumb Code   316  stm32f1xx_hal_dma.o(i.HAL_DMA_IRQHandler)
    HAL_DMA_Init                             0x080014e5   Thumb Code    84  stm32f1xx_hal_dma.o(i.HAL_DMA_Init)
    HAL_DMA_Start_IT                         0x08001541   Thumb Code   112  stm32f1xx_hal_dma.o(i.HAL_DMA_Start_IT)
    HAL_Delay                                0x080015b1   Thumb Code    32  stm32f1xx_hal.o(i.HAL_Delay)
    HAL_GPIO_EXTI_Callback                   0x080015d5   Thumb Code     2  stm32f1xx_hal_gpio.o(i.HAL_GPIO_EXTI_Callback)
    HAL_GPIO_EXTI_IRQHandler                 0x080015d9   Thumb Code    18  stm32f1xx_hal_gpio.o(i.HAL_GPIO_EXTI_IRQHandler)
    HAL_GPIO_Init                            0x080015f1   Thumb Code   446  stm32f1xx_hal_gpio.o(i.HAL_GPIO_Init)
    HAL_GPIO_ReadPin                         0x080017d1   Thumb Code    10  stm32f1xx_hal_gpio.o(i.HAL_GPIO_ReadPin)
    HAL_GPIO_TogglePin                       0x080017db   Thumb Code    16  stm32f1xx_hal_gpio.o(i.HAL_GPIO_TogglePin)
    HAL_GPIO_WritePin                        0x080017eb   Thumb Code    10  stm32f1xx_hal_gpio.o(i.HAL_GPIO_WritePin)
    HAL_GetTick                              0x080017f5   Thumb Code     6  stm32f1xx_hal.o(i.HAL_GetTick)
    HAL_I2C_Init                             0x08001801   Thumb Code   376  stm32f1xx_hal_i2c.o(i.HAL_I2C_Init)
    HAL_I2C_Mem_Write                        0x08001989   Thumb Code   294  stm32f1xx_hal_i2c.o(i.HAL_I2C_Mem_Write)
    HAL_I2C_MspInit                          0x08001ab9   Thumb Code    80  i2c.o(i.HAL_I2C_MspInit)
    HAL_IncTick                              0x08001b15   Thumb Code    12  stm32f1xx_hal.o(i.HAL_IncTick)
    HAL_Init                                 0x08001b25   Thumb Code    32  stm32f1xx_hal.o(i.HAL_Init)
    HAL_InitTick                             0x08001b49   Thumb Code   100  stm32f1xx_hal_timebase_tim.o(i.HAL_InitTick)
    HAL_MspInit                              0x08001bbd   Thumb Code    62  stm32f1xx_hal_msp.o(i.HAL_MspInit)
    HAL_NVIC_EnableIRQ                       0x08001c05   Thumb Code    26  stm32f1xx_hal_cortex.o(i.HAL_NVIC_EnableIRQ)
    HAL_NVIC_SetPriority                     0x08001c21   Thumb Code    60  stm32f1xx_hal_cortex.o(i.HAL_NVIC_SetPriority)
    HAL_NVIC_SetPriorityGrouping             0x08001c61   Thumb Code    26  stm32f1xx_hal_cortex.o(i.HAL_NVIC_SetPriorityGrouping)
    HAL_RCCEx_GetPeriphCLKFreq               0x08001c85   Thumb Code   166  stm32f1xx_hal_rcc_ex.o(i.HAL_RCCEx_GetPeriphCLKFreq)
    HAL_RCCEx_PeriphCLKConfig                0x08001d4d   Thumb Code   224  stm32f1xx_hal_rcc_ex.o(i.HAL_RCCEx_PeriphCLKConfig)
    HAL_RCC_ClockConfig                      0x08001e39   Thumb Code   280  stm32f1xx_hal_rcc.o(i.HAL_RCC_ClockConfig)
    HAL_RCC_GetClockConfig                   0x08001f65   Thumb Code    54  stm32f1xx_hal_rcc.o(i.HAL_RCC_GetClockConfig)
    HAL_RCC_GetHCLKFreq                      0x08001fa5   Thumb Code     6  stm32f1xx_hal_rcc.o(i.HAL_RCC_GetHCLKFreq)
    HAL_RCC_GetPCLK1Freq                     0x08001fb1   Thumb Code    20  stm32f1xx_hal_rcc.o(i.HAL_RCC_GetPCLK1Freq)
    HAL_RCC_GetPCLK2Freq                     0x08001fd1   Thumb Code    20  stm32f1xx_hal_rcc.o(i.HAL_RCC_GetPCLK2Freq)
    HAL_RCC_GetSysClockFreq                  0x08001ff1   Thumb Code    74  stm32f1xx_hal_rcc.o(i.HAL_RCC_GetSysClockFreq)
    HAL_RCC_OscConfig                        0x0800205d   Thumb Code   778  stm32f1xx_hal_rcc.o(i.HAL_RCC_OscConfig)
    HAL_TIMEx_BreakCallback                  0x0800237d   Thumb Code     2  stm32f1xx_hal_tim_ex.o(i.HAL_TIMEx_BreakCallback)
    HAL_TIMEx_CommutCallback                 0x0800237f   Thumb Code     2  stm32f1xx_hal_tim_ex.o(i.HAL_TIMEx_CommutCallback)
    HAL_TIMEx_MasterConfigSynchronization    0x08002381   Thumb Code    92  stm32f1xx_hal_tim_ex.o(i.HAL_TIMEx_MasterConfigSynchronization)
    HAL_TIM_Base_Init                        0x080023e9   Thumb Code    90  stm32f1xx_hal_tim.o(i.HAL_TIM_Base_Init)
    HAL_TIM_Base_MspInit                     0x08002445   Thumb Code    50  tim.o(i.HAL_TIM_Base_MspInit)
    HAL_TIM_Base_Start_IT                    0x08002481   Thumb Code    76  stm32f1xx_hal_tim.o(i.HAL_TIM_Base_Start_IT)
    HAL_TIM_ConfigClockSource                0x080024d9   Thumb Code   214  stm32f1xx_hal_tim.o(i.HAL_TIM_ConfigClockSource)
    HAL_TIM_IC_CaptureCallback               0x080025af   Thumb Code     2  stm32f1xx_hal_tim.o(i.HAL_TIM_IC_CaptureCallback)
    HAL_TIM_IRQHandler                       0x080025b1   Thumb Code   358  stm32f1xx_hal_tim.o(i.HAL_TIM_IRQHandler)
    HAL_TIM_OC_DelayElapsedCallback          0x08002717   Thumb Code     2  stm32f1xx_hal_tim.o(i.HAL_TIM_OC_DelayElapsedCallback)
    HAL_TIM_PWM_PulseFinishedCallback        0x08002719   Thumb Code     2  stm32f1xx_hal_tim.o(i.HAL_TIM_PWM_PulseFinishedCallback)
    HAL_TIM_PeriodElapsedCallback            0x0800271d   Thumb Code    14  main.o(i.HAL_TIM_PeriodElapsedCallback)
    HAL_TIM_TriggerCallback                  0x08002731   Thumb Code     2  stm32f1xx_hal_tim.o(i.HAL_TIM_TriggerCallback)
    HAL_UART_ErrorCallback                   0x08002733   Thumb Code     2  stm32f1xx_hal_uart.o(i.HAL_UART_ErrorCallback)
    HAL_UART_IRQHandler                      0x08002735   Thumb Code   344  stm32f1xx_hal_uart.o(i.HAL_UART_IRQHandler)
    HAL_UART_Init                            0x08002891   Thumb Code    98  stm32f1xx_hal_uart.o(i.HAL_UART_Init)
    HAL_UART_MspInit                         0x080028f5   Thumb Code   236  usart.o(i.HAL_UART_MspInit)
    HAL_UART_Receive_IT                      0x080029f9   Thumb Code    82  stm32f1xx_hal_uart.o(i.HAL_UART_Receive_IT)
    HAL_UART_RxCpltCallback                  0x08002a4b   Thumb Code     2  esp8266.o(i.HAL_UART_RxCpltCallback)
    HAL_UART_Transmit                        0x08002a4d   Thumb Code   178  stm32f1xx_hal_uart.o(i.HAL_UART_Transmit)
    HAL_UART_TxCpltCallback                  0x08002aff   Thumb Code     2  stm32f1xx_hal_uart.o(i.HAL_UART_TxCpltCallback)
    HardFault_Handler                        0x08002b01   Thumb Code     2  stm32f1xx_it.o(i.HardFault_Handler)
    MX_ADC1_Init                             0x08002d71   Thumb Code   160  adc.o(i.MX_ADC1_Init)
    MX_DMA_Init                              0x08002e19   Thumb Code    40  dma.o(i.MX_DMA_Init)
    MX_GPIO_Init                             0x08002e45   Thumb Code   224  gpio.o(i.MX_GPIO_Init)
    MX_I2C1_Init                             0x08002f39   Thumb Code    50  i2c.o(i.MX_I2C1_Init)
    MX_TIM3_Init                             0x08002f79   Thumb Code    94  tim.o(i.MX_TIM3_Init)
    MX_USART1_UART_Init                      0x08002fe1   Thumb Code    48  usart.o(i.MX_USART1_UART_Init)
    MX_USART2_UART_Init                      0x08003019   Thumb Code    48  usart.o(i.MX_USART2_UART_Init)
    MX_USART3_UART_Init                      0x08003051   Thumb Code    48  usart.o(i.MX_USART3_UART_Init)
    MemManage_Handler                        0x08003089   Thumb Code     2  stm32f1xx_it.o(i.MemManage_Handler)
    NMI_Handler                              0x0800308b   Thumb Code     2  stm32f1xx_it.o(i.NMI_Handler)
    OLED_CLS                                 0x0800308d   Thumb Code     6  oled.o(i.OLED_CLS)
    OLED_Fill                                0x08003093   Thumb Code    84  oled.o(i.OLED_Fill)
    OLED_Init                                0x080030e7   Thumb Code   306  oled.o(i.OLED_Init)
    OLED_OFF                                 0x08003219   Thumb Code    34  oled.o(i.OLED_OFF)
    OLED_ON                                  0x0800323b   Thumb Code    34  oled.o(i.OLED_ON)
    OLED_SetPos                              0x0800325d   Thumb Code    48  oled.o(i.OLED_SetPos)
    OLED_ShowStr                             0x0800328d   Thumb Code   274  oled.o(i.OLED_ShowStr)
    SysTick_Handler                          0x080033a9   Thumb Code    38  port.o(i.SysTick_Handler)
    SystemClock_Config                       0x080033d5   Thumb Code   106  main.o(i.SystemClock_Config)
    SystemInit                               0x0800343f   Thumb Code     2  system_stm32f1xx.o(i.SystemInit)
    TIM1_UP_IRQHandler                       0x08003441   Thumb Code     6  stm32f1xx_it.o(i.TIM1_UP_IRQHandler)
    TIM3_IRQHandler                          0x0800344d   Thumb Code     6  stm32f1xx_it.o(i.TIM3_IRQHandler)
    TIM_Base_SetConfig                       0x08003459   Thumb Code    94  stm32f1xx_hal_tim.o(i.TIM_Base_SetConfig)
    TIM_ETR_SetConfig                        0x080034c5   Thumb Code    20  stm32f1xx_hal_tim.o(i.TIM_ETR_SetConfig)
    USART1_IRQHandler                        0x08003705   Thumb Code   116  stm32f1xx_it.o(i.USART1_IRQHandler)
    USART1_printf                            0x08003785   Thumb Code   290  uart_printf.o(i.USART1_printf)
    UploadData_To_Server                     0x080038ad   Thumb Code     4  connect_iot_task.o(i.UploadData_To_Server)
    UsageFault_Handler                       0x080038b1   Thumb Code     2  stm32f1xx_it.o(i.UsageFault_Handler)
    WriteCmd                                 0x080038b5   Thumb Code    40  oled.o(i.WriteCmd)
    WriteDat                                 0x080038e1   Thumb Code    40  oled.o(i.WriteDat)
    __0printf$3                              0x0800390d   Thumb Code    22  printf3.o(i.__0printf$3)
    __1printf$3                              0x0800390d   Thumb Code     0  printf3.o(i.__0printf$3)
    __2printf                                0x0800390d   Thumb Code     0  printf3.o(i.__0printf$3)
    __0sprintf$3                             0x0800392d   Thumb Code    34  printf3.o(i.__0sprintf$3)
    __1sprintf$3                             0x0800392d   Thumb Code     0  printf3.o(i.__0sprintf$3)
    __2sprintf                               0x0800392d   Thumb Code     0  printf3.o(i.__0sprintf$3)
    __scatterload_copy                       0x08003975   Thumb Code    14  handlers.o(i.__scatterload_copy)
    __scatterload_null                       0x08003983   Thumb Code     2  handlers.o(i.__scatterload_null)
    __scatterload_zeroinit                   0x08003985   Thumb Code    14  handlers.o(i.__scatterload_zeroinit)
    fputc                                    0x08003b59   Thumb Code    20  uart_printf.o(i.fputc)
    main                                     0x08003b71   Thumb Code   144  main.o(i.main)
    uxListRemove                             0x08003c69   Thumb Code    38  list.o(i.uxListRemove)
    vListInsertEnd                           0x08003c8f   Thumb Code    24  list.o(i.vListInsertEnd)
    vTaskSwitchContext                       0x08003ca9   Thumb Code    82  tasks.o(i.vTaskSwitchContext)
    xTaskIncrementTick                       0x08003d05   Thumb Code   192  tasks.o(i.xTaskIncrementTick)
    AHBPrescTable                            0x08003dcc   Data          16  system_stm32f1xx.o(.constdata)
    APBPrescTable                            0x08003ddc   Data           8  system_stm32f1xx.o(.constdata)
    F6x8                                     0x08003de4   Data         552  oled.o(.constdata)
    F8X16                                    0x0800400c   Data        1520  oled.o(.constdata)
    Region$$Table$$Base                      0x080045fc   Number         0  anon$$obj.o(Region$$Table)
    Region$$Table$$Limit                     0x0800461c   Number         0  anon$$obj.o(Region$$Table)
    uwTickFreq                               0x20000004   Data           1  stm32f1xx_hal.o(.data)
    uwTickPrio                               0x20000008   Data           4  stm32f1xx_hal.o(.data)
    uwTick                                   0x2000000c   Data           4  stm32f1xx_hal.o(.data)
    SystemCoreClock                          0x20000010   Data           4  system_stm32f1xx.o(.data)
    pxCurrentTCB                             0x20000014   Data           4  tasks.o(.data)
    RxBuffer                                 0x20000050   Data           1  esp8266.o(.data)
    ubSequenceCompleted                      0x20000052   Data           1  adc_operation.o(.data)
    __stdout                                 0x20000060   Data           4  stdout.o(.data)
    hadc1                                    0x20000064   Data          48  adc.o(.bss)
    hdma_adc1                                0x20000094   Data          68  adc.o(.bss)
    hi2c1                                    0x200000d8   Data          84  i2c.o(.bss)
    htim3                                    0x2000012c   Data          72  tim.o(.bss)
    huart1                                   0x20000174   Data          68  usart.o(.bss)
    huart2                                   0x200001b8   Data          68  usart.o(.bss)
    huart3                                   0x200001fc   Data          68  usart.o(.bss)
    htim1                                    0x20000240   Data          72  stm32f1xx_hal_timebase_tim.o(.bss)
    ESP8266_Fram_Record_Struct               0x20000454   Data        1026  esp8266.o(.bss)
    aADCxConvertedValues                     0x20000856   Data          10  adc_operation.o(.bss)
    __initial_sp                             0x20000c60   Data           0  startup_stm32f103xb.o(STACK)



==============================================================================

Memory Map of the image

  Image Entry point : 0x080000ed

  Load Region LR_IROM1 (Base: 0x08000000, Size: 0x00004680, Max: 0x00020000, ABSOLUTE)

    Execution Region ER_IROM1 (Exec base: 0x08000000, Load base: 0x08000000, Size: 0x0000461c, Max: 0x00020000, ABSOLUTE)

    Exec Addr    Load Addr    Size         Type   Attr      Idx    E Section Name        Object

    0x08000000   0x08000000   0x000000ec   Data   RO         4952    RESET               startup_stm32f103xb.o
    0x080000ec   0x080000ec   0x00000000   Code   RO         5545  * .ARM.Collect$$$$00000000  mc_w.l(entry.o)
    0x080000ec   0x080000ec   0x00000004   Code   RO         5873    .ARM.Collect$$$$00000001  mc_w.l(entry2.o)
    0x080000f0   0x080000f0   0x00000004   Code   RO         5876    .ARM.Collect$$$$00000004  mc_w.l(entry5.o)
    0x080000f4   0x080000f4   0x00000000   Code   RO         5878    .ARM.Collect$$$$00000008  mc_w.l(entry7b.o)
    0x080000f4   0x080000f4   0x00000000   Code   RO         5880    .ARM.Collect$$$$0000000A  mc_w.l(entry8b.o)
    0x080000f4   0x080000f4   0x00000008   Code   RO         5881    .ARM.Collect$$$$0000000B  mc_w.l(entry9a.o)
    0x080000fc   0x080000fc   0x00000004   Code   RO         5888    .ARM.Collect$$$$0000000E  mc_w.l(entry12b.o)
    0x08000100   0x08000100   0x00000000   Code   RO         5883    .ARM.Collect$$$$0000000F  mc_w.l(entry10a.o)
    0x08000100   0x08000100   0x00000000   Code   RO         5885    .ARM.Collect$$$$00000011  mc_w.l(entry11a.o)
    0x08000100   0x08000100   0x00000004   Code   RO         5874    .ARM.Collect$$$$00002712  mc_w.l(entry2.o)
    0x08000104   0x08000104   0x00000096   Code   RO         4873    .emb_text           port.o
    0x0800019a   0x0800019a   0x00000002   PAD
    0x0800019c   0x0800019c   0x00000024   Code   RO         4953    .text               startup_stm32f103xb.o
    0x080001c0   0x080001c0   0x00000024   Code   RO         5554    .text               mc_w.l(memseta.o)
    0x080001e4   0x080001e4   0x00000024   Code   RO         5556    .text               mc_w.l(strstr.o)
    0x08000208   0x08000208   0x0000002c   Code   RO         5890    .text               mc_w.l(uidiv.o)
    0x08000234   0x08000234   0x00000024   Code   RO         5918    .text               mc_w.l(init.o)
    0x08000258   0x08000258   0x0000000c   Code   RO          523    i.ADC1_2_IRQHandler  stm32f1xx_it.o
    0x08000264   0x08000264   0x0000004c   Code   RO          716    i.ADC_ConversionStop_Disable  stm32f1xx_hal_adc.o
    0x080002b0   0x080002b0   0x0000004e   Code   RO          717    i.ADC_DMAConvCplt   stm32f1xx_hal_adc.o
    0x080002fe   0x080002fe   0x0000001a   Code   RO          718    i.ADC_DMAError      stm32f1xx_hal_adc.o
    0x08000318   0x08000318   0x0000000a   Code   RO          719    i.ADC_DMAHalfConvCplt  stm32f1xx_hal_adc.o
    0x08000322   0x08000322   0x00000002   PAD
    0x08000324   0x08000324   0x00000070   Code   RO          720    i.ADC_Enable        stm32f1xx_hal_adc.o
    0x08000394   0x08000394   0x00000254   Code   RO            4    i.BSP_Init          main.o
    0x080005e8   0x080005e8   0x00000002   Code   RO          524    i.BusFault_Handler  stm32f1xx_it.o
    0x080005ea   0x080005ea   0x00000002   PAD
    0x080005ec   0x080005ec   0x00000034   Code   RO         5391    i.Buzzer_Work       buzzer.o
    0x08000620   0x08000620   0x00000230   Code   RO         5480    i.Connct_aliyun_iot  connect_iot_task.o
    0x08000850   0x08000850   0x00000018   Code   RO         5323    i.DHT11_Init        dth11.o
    0x08000868   0x08000868   0x00000048   Code   RO         5324    i.DHT11_RST         dth11.o
    0x080008b0   0x080008b0   0x0000000c   Code   RO          525    i.DMA1_Channel1_IRQHandler  stm32f1xx_it.o
    0x080008bc   0x080008bc   0x0000002a   Code   RO         1370    i.DMA_SetConfig     stm32f1xx_hal_dma.o
    0x080008e6   0x080008e6   0x00000002   Code   RO          526    i.DebugMon_Handler  stm32f1xx_it.o
    0x080008e8   0x080008e8   0x0000001c   Code   RO         5328    i.Delay_us          dth11.o
    0x08000904   0x08000904   0x00000068   Code   RO         5329    i.Dht11_Check       dth11.o
    0x0800096c   0x0800096c   0x00000050   Code   RO         5416    i.Display_Operation_Status  display_data_task.o
    0x080009bc   0x080009bc   0x00000058   Code   RO         5000    i.ESP8266_AT_RESTORE  esp8266.o
    0x08000a14   0x08000a14   0x00000058   Code   RO         5005    i.ESP8266_Init      esp8266.o
    0x08000a6c   0x08000a6c   0x0000003c   Code   RO         5006    i.ESP8266_JoinAP    esp8266.o
    0x08000aa8   0x08000aa8   0x00000040   Code   RO         5009    i.ESP8266_MQTTCONN  esp8266.o
    0x08000ae8   0x08000ae8   0x0000003c   Code   RO         5011    i.ESP8266_MQTTSETCLIENTID  esp8266.o
    0x08000b24   0x08000b24   0x00000038   Code   RO         5012    i.ESP8266_MQTTSUB   esp8266.o
    0x08000b5c   0x08000b5c   0x00000054   Code   RO         5013    i.ESP8266_MQTTUSERCFG  esp8266.o
    0x08000bb0   0x08000bb0   0x00000060   Code   RO         5014    i.ESP8266_Net_Mode_Choose  esp8266.o
    0x08000c10   0x08000c10   0x0000002c   Code   RO         5015    i.ESP8266_Rst       esp8266.o
    0x08000c3c   0x08000c3c   0x00000098   Code   RO         5017    i.ESP8266_Send_AT_Cmd  esp8266.o
    0x08000cd4   0x08000cd4   0x00000058   Code   RO         5019    i.ESP8266_Set_SNTP  esp8266.o
    0x08000d2c   0x08000d2c   0x00000008   Code   RO          527    i.EXTI15_10_IRQHandler  stm32f1xx_it.o
    0x08000d34   0x08000d34   0x00000012   Code   RO            5    i.Error_Handler     main.o
    0x08000d46   0x08000d46   0x00000002   PAD
    0x08000d48   0x08000d48   0x000000c8   Code   RO          896    i.HAL_ADCEx_Calibration_Start  stm32f1xx_hal_adc_ex.o
    0x08000e10   0x08000e10   0x00000002   Code   RO          898    i.HAL_ADCEx_InjectedConvCpltCallback  stm32f1xx_hal_adc_ex.o
    0x08000e12   0x08000e12   0x00000002   PAD
    0x08000e14   0x08000e14   0x000000fc   Code   RO          722    i.HAL_ADC_ConfigChannel  stm32f1xx_hal_adc.o
    0x08000f10   0x08000f10   0x0000000c   Code   RO         5262    i.HAL_ADC_ConvCpltCallback  adc_operation.o
    0x08000f1c   0x08000f1c   0x00000002   Code   RO          724    i.HAL_ADC_ConvHalfCpltCallback  stm32f1xx_hal_adc.o
    0x08000f1e   0x08000f1e   0x00000002   Code   RO          726    i.HAL_ADC_ErrorCallback  stm32f1xx_hal_adc.o
    0x08000f20   0x08000f20   0x000000e6   Code   RO          730    i.HAL_ADC_IRQHandler  stm32f1xx_hal_adc.o
    0x08001006   0x08001006   0x00000002   PAD
    0x08001008   0x08001008   0x0000011c   Code   RO          731    i.HAL_ADC_Init      stm32f1xx_hal_adc.o
    0x08001124   0x08001124   0x00000002   Code   RO          732    i.HAL_ADC_LevelOutOfWindowCallback  stm32f1xx_hal_adc.o
    0x08001126   0x08001126   0x00000002   PAD
    0x08001128   0x08001128   0x000000c4   Code   RO          320    i.HAL_ADC_MspInit   adc.o
    0x080011ec   0x080011ec   0x0000010c   Code   RO          738    i.HAL_ADC_Start_DMA  stm32f1xx_hal_adc.o
    0x080012f8   0x080012f8   0x00000098   Code   RO         1372    i.HAL_DMA_Abort_IT  stm32f1xx_hal_dma.o
    0x08001390   0x08001390   0x00000154   Code   RO         1376    i.HAL_DMA_IRQHandler  stm32f1xx_hal_dma.o
    0x080014e4   0x080014e4   0x0000005c   Code   RO         1377    i.HAL_DMA_Init      stm32f1xx_hal_dma.o
    0x08001540   0x08001540   0x00000070   Code   RO         1381    i.HAL_DMA_Start_IT  stm32f1xx_hal_dma.o
    0x080015b0   0x080015b0   0x00000024   Code   RO          999    i.HAL_Delay         stm32f1xx_hal.o
    0x080015d4   0x080015d4   0x00000002   Code   RO         1305    i.HAL_GPIO_EXTI_Callback  stm32f1xx_hal_gpio.o
    0x080015d6   0x080015d6   0x00000002   PAD
    0x080015d8   0x080015d8   0x00000018   Code   RO         1306    i.HAL_GPIO_EXTI_IRQHandler  stm32f1xx_hal_gpio.o
    0x080015f0   0x080015f0   0x000001e0   Code   RO         1307    i.HAL_GPIO_Init     stm32f1xx_hal_gpio.o
    0x080017d0   0x080017d0   0x0000000a   Code   RO         1309    i.HAL_GPIO_ReadPin  stm32f1xx_hal_gpio.o
    0x080017da   0x080017da   0x00000010   Code   RO         1310    i.HAL_GPIO_TogglePin  stm32f1xx_hal_gpio.o
    0x080017ea   0x080017ea   0x0000000a   Code   RO         1311    i.HAL_GPIO_WritePin  stm32f1xx_hal_gpio.o
    0x080017f4   0x080017f4   0x0000000c   Code   RO         1003    i.HAL_GetTick       stm32f1xx_hal.o
    0x08001800   0x08001800   0x00000188   Code   RO         1978    i.HAL_I2C_Init      stm32f1xx_hal_i2c.o
    0x08001988   0x08001988   0x00000130   Code   RO         1999    i.HAL_I2C_Mem_Write  stm32f1xx_hal_i2c.o
    0x08001ab8   0x08001ab8   0x0000005c   Code   RO          386    i.HAL_I2C_MspInit   i2c.o
    0x08001b14   0x08001b14   0x00000010   Code   RO         1009    i.HAL_IncTick       stm32f1xx_hal.o
    0x08001b24   0x08001b24   0x00000024   Code   RO         1010    i.HAL_Init          stm32f1xx_hal.o
    0x08001b48   0x08001b48   0x00000074   Code   RO          641    i.HAL_InitTick      stm32f1xx_hal_timebase_tim.o
    0x08001bbc   0x08001bbc   0x00000048   Code   RO          617    i.HAL_MspInit       stm32f1xx_hal_msp.o
    0x08001c04   0x08001c04   0x0000001a   Code   RO         1467    i.HAL_NVIC_EnableIRQ  stm32f1xx_hal_cortex.o
    0x08001c1e   0x08001c1e   0x00000002   PAD
    0x08001c20   0x08001c20   0x00000040   Code   RO         1473    i.HAL_NVIC_SetPriority  stm32f1xx_hal_cortex.o
    0x08001c60   0x08001c60   0x00000024   Code   RO         1474    i.HAL_NVIC_SetPriorityGrouping  stm32f1xx_hal_cortex.o
    0x08001c84   0x08001c84   0x000000c8   Code   RO         1269    i.HAL_RCCEx_GetPeriphCLKFreq  stm32f1xx_hal_rcc_ex.o
    0x08001d4c   0x08001d4c   0x000000ec   Code   RO         1270    i.HAL_RCCEx_PeriphCLKConfig  stm32f1xx_hal_rcc_ex.o
    0x08001e38   0x08001e38   0x0000012c   Code   RO         1167    i.HAL_RCC_ClockConfig  stm32f1xx_hal_rcc.o
    0x08001f64   0x08001f64   0x00000040   Code   RO         1171    i.HAL_RCC_GetClockConfig  stm32f1xx_hal_rcc.o
    0x08001fa4   0x08001fa4   0x0000000c   Code   RO         1172    i.HAL_RCC_GetHCLKFreq  stm32f1xx_hal_rcc.o
    0x08001fb0   0x08001fb0   0x00000020   Code   RO         1174    i.HAL_RCC_GetPCLK1Freq  stm32f1xx_hal_rcc.o
    0x08001fd0   0x08001fd0   0x00000020   Code   RO         1175    i.HAL_RCC_GetPCLK2Freq  stm32f1xx_hal_rcc.o
    0x08001ff0   0x08001ff0   0x0000006c   Code   RO         1176    i.HAL_RCC_GetSysClockFreq  stm32f1xx_hal_rcc.o
    0x0800205c   0x0800205c   0x00000320   Code   RO         1179    i.HAL_RCC_OscConfig  stm32f1xx_hal_rcc.o
    0x0800237c   0x0800237c   0x00000002   Code   RO         3100    i.HAL_TIMEx_BreakCallback  stm32f1xx_hal_tim_ex.o
    0x0800237e   0x0800237e   0x00000002   Code   RO         3101    i.HAL_TIMEx_CommutCallback  stm32f1xx_hal_tim_ex.o
    0x08002380   0x08002380   0x00000068   Code   RO         3119    i.HAL_TIMEx_MasterConfigSynchronization  stm32f1xx_hal_tim_ex.o
    0x080023e8   0x080023e8   0x0000005a   Code   RO         2396    i.HAL_TIM_Base_Init  stm32f1xx_hal_tim.o
    0x08002442   0x08002442   0x00000002   PAD
    0x08002444   0x08002444   0x0000003c   Code   RO          428    i.HAL_TIM_Base_MspInit  tim.o
    0x08002480   0x08002480   0x00000058   Code   RO         2401    i.HAL_TIM_Base_Start_IT  stm32f1xx_hal_tim.o
    0x080024d8   0x080024d8   0x000000d6   Code   RO         2405    i.HAL_TIM_ConfigClockSource  stm32f1xx_hal_tim.o
    0x080025ae   0x080025ae   0x00000002   Code   RO         2430    i.HAL_TIM_IC_CaptureCallback  stm32f1xx_hal_tim.o
    0x080025b0   0x080025b0   0x00000166   Code   RO         2444    i.HAL_TIM_IRQHandler  stm32f1xx_hal_tim.o
    0x08002716   0x08002716   0x00000002   Code   RO         2447    i.HAL_TIM_OC_DelayElapsedCallback  stm32f1xx_hal_tim.o
    0x08002718   0x08002718   0x00000002   Code   RO         2474    i.HAL_TIM_PWM_PulseFinishedCallback  stm32f1xx_hal_tim.o
    0x0800271a   0x0800271a   0x00000002   PAD
    0x0800271c   0x0800271c   0x00000014   Code   RO            6    i.HAL_TIM_PeriodElapsedCallback  main.o
    0x08002730   0x08002730   0x00000002   Code   RO         2487    i.HAL_TIM_TriggerCallback  stm32f1xx_hal_tim.o
    0x08002732   0x08002732   0x00000002   Code   RO         3388    i.HAL_UART_ErrorCallback  stm32f1xx_hal_uart.o
    0x08002734   0x08002734   0x0000015c   Code   RO         3391    i.HAL_UART_IRQHandler  stm32f1xx_hal_uart.o
    0x08002890   0x08002890   0x00000062   Code   RO         3392    i.HAL_UART_Init     stm32f1xx_hal_uart.o
    0x080028f2   0x080028f2   0x00000002   PAD
    0x080028f4   0x080028f4   0x00000104   Code   RO          470    i.HAL_UART_MspInit  usart.o
    0x080029f8   0x080029f8   0x00000052   Code   RO         3397    i.HAL_UART_Receive_IT  stm32f1xx_hal_uart.o
    0x08002a4a   0x08002a4a   0x00000002   Code   RO         5021    i.HAL_UART_RxCpltCallback  esp8266.o
    0x08002a4c   0x08002a4c   0x000000b2   Code   RO         3400    i.HAL_UART_Transmit  stm32f1xx_hal_uart.o
    0x08002afe   0x08002afe   0x00000002   Code   RO         3403    i.HAL_UART_TxCpltCallback  stm32f1xx_hal_uart.o
    0x08002b00   0x08002b00   0x00000002   Code   RO          528    i.HardFault_Handler  stm32f1xx_it.o
    0x08002b02   0x08002b02   0x0000002e   Code   RO         2020    i.I2C_IsAcknowledgeFailed  stm32f1xx_hal_i2c.o
    0x08002b30   0x08002b30   0x000000a8   Code   RO         2031    i.I2C_RequestMemoryWrite  stm32f1xx_hal_i2c.o
    0x08002bd8   0x08002bd8   0x0000004c   Code   RO         2034    i.I2C_WaitOnBTFFlagUntilTimeout  stm32f1xx_hal_i2c.o
    0x08002c24   0x08002c24   0x00000068   Code   RO         2035    i.I2C_WaitOnFlagUntilTimeout  stm32f1xx_hal_i2c.o
    0x08002c8c   0x08002c8c   0x00000096   Code   RO         2036    i.I2C_WaitOnMasterAddressFlagUntilTimeout  stm32f1xx_hal_i2c.o
    0x08002d22   0x08002d22   0x0000004c   Code   RO         2038    i.I2C_WaitOnTXEFlagUntilTimeout  stm32f1xx_hal_i2c.o
    0x08002d6e   0x08002d6e   0x00000002   PAD
    0x08002d70   0x08002d70   0x000000a8   Code   RO          321    i.MX_ADC1_Init      adc.o
    0x08002e18   0x08002e18   0x0000002c   Code   RO          361    i.MX_DMA_Init       dma.o
    0x08002e44   0x08002e44   0x000000f4   Code   RO          252    i.MX_GPIO_Init      gpio.o
    0x08002f38   0x08002f38   0x00000040   Code   RO          387    i.MX_I2C1_Init      i2c.o
    0x08002f78   0x08002f78   0x00000068   Code   RO          429    i.MX_TIM3_Init      tim.o
    0x08002fe0   0x08002fe0   0x00000038   Code   RO          471    i.MX_USART1_UART_Init  usart.o
    0x08003018   0x08003018   0x00000038   Code   RO          472    i.MX_USART2_UART_Init  usart.o
    0x08003050   0x08003050   0x00000038   Code   RO          473    i.MX_USART3_UART_Init  usart.o
    0x08003088   0x08003088   0x00000002   Code   RO          529    i.MemManage_Handler  stm32f1xx_it.o
    0x0800308a   0x0800308a   0x00000002   Code   RO          530    i.NMI_Handler       stm32f1xx_it.o
    0x0800308c   0x0800308c   0x00000006   Code   RO         5170    i.OLED_CLS          oled.o
    0x08003092   0x08003092   0x00000054   Code   RO         5171    i.OLED_Fill         oled.o
    0x080030e6   0x080030e6   0x00000132   Code   RO         5172    i.OLED_Init         oled.o
    0x08003218   0x08003218   0x00000022   Code   RO         5173    i.OLED_OFF          oled.o
    0x0800323a   0x0800323a   0x00000022   Code   RO         5174    i.OLED_ON           oled.o
    0x0800325c   0x0800325c   0x00000030   Code   RO         5175    i.OLED_SetPos       oled.o
    0x0800328c   0x0800328c   0x0000011c   Code   RO         5178    i.OLED_ShowStr      oled.o
    0x080033a8   0x080033a8   0x0000002c   Code   RO         4874    i.SysTick_Handler   port.o
    0x080033d4   0x080033d4   0x0000006a   Code   RO            7    i.SystemClock_Config  main.o
    0x0800343e   0x0800343e   0x00000002   Code   RO         3689    i.SystemInit        system_stm32f1xx.o
    0x08003440   0x08003440   0x0000000c   Code   RO          531    i.TIM1_UP_IRQHandler  stm32f1xx_it.o
    0x0800344c   0x0800344c   0x0000000c   Code   RO          532    i.TIM3_IRQHandler   stm32f1xx_it.o
    0x08003458   0x08003458   0x0000006c   Code   RO         2489    i.TIM_Base_SetConfig  stm32f1xx_hal_tim.o
    0x080034c4   0x080034c4   0x00000014   Code   RO         2500    i.TIM_ETR_SetConfig  stm32f1xx_hal_tim.o
    0x080034d8   0x080034d8   0x00000010   Code   RO         2501    i.TIM_ITRx_SetConfig  stm32f1xx_hal_tim.o
    0x080034e8   0x080034e8   0x00000022   Code   RO         2507    i.TIM_TI1_ConfigInputStage  stm32f1xx_hal_tim.o
    0x0800350a   0x0800350a   0x00000024   Code   RO         2509    i.TIM_TI2_ConfigInputStage  stm32f1xx_hal_tim.o
    0x0800352e   0x0800352e   0x00000010   Code   RO         3405    i.UART_DMAAbortOnError  stm32f1xx_hal_uart.o
    0x0800353e   0x0800353e   0x0000001c   Code   RO         3415    i.UART_EndRxTransfer  stm32f1xx_hal_uart.o
    0x0800355a   0x0800355a   0x0000008c   Code   RO         3417    i.UART_Receive_IT   stm32f1xx_hal_uart.o
    0x080035e6   0x080035e6   0x00000002   PAD
    0x080035e8   0x080035e8   0x000000b8   Code   RO         3418    i.UART_SetConfig    stm32f1xx_hal_uart.o
    0x080036a0   0x080036a0   0x00000064   Code   RO         3419    i.UART_WaitOnFlagUntilTimeout  stm32f1xx_hal_uart.o
    0x08003704   0x08003704   0x00000080   Code   RO          533    i.USART1_IRQHandler  stm32f1xx_it.o
    0x08003784   0x08003784   0x00000128   Code   RO         4960    i.USART1_printf     uart_printf.o
    0x080038ac   0x080038ac   0x00000004   Code   RO         5484    i.UploadData_To_Server  connect_iot_task.o
    0x080038b0   0x080038b0   0x00000002   Code   RO          534    i.UsageFault_Handler  stm32f1xx_it.o
    0x080038b2   0x080038b2   0x00000002   PAD
    0x080038b4   0x080038b4   0x0000002c   Code   RO         5179    i.WriteCmd          oled.o
    0x080038e0   0x080038e0   0x0000002c   Code   RO         5180    i.WriteDat          oled.o
    0x0800390c   0x0800390c   0x00000020   Code   RO         5649    i.__0printf$3       mc_w.l(printf3.o)
    0x0800392c   0x0800392c   0x00000028   Code   RO         5651    i.__0sprintf$3      mc_w.l(printf3.o)
    0x08003954   0x08003954   0x00000020   Code   RO         1480    i.__NVIC_SetPriority  stm32f1xx_hal_cortex.o
    0x08003974   0x08003974   0x0000000e   Code   RO         5928    i.__scatterload_copy  mc_w.l(handlers.o)
    0x08003982   0x08003982   0x00000002   Code   RO         5929    i.__scatterload_null  mc_w.l(handlers.o)
    0x08003984   0x08003984   0x0000000e   Code   RO         5930    i.__scatterload_zeroinit  mc_w.l(handlers.o)
    0x08003992   0x08003992   0x00000002   PAD
    0x08003994   0x08003994   0x000001b8   Code   RO         5656    i._printf_core      mc_w.l(printf3.o)
    0x08003b4c   0x08003b4c   0x0000000a   Code   RO         5658    i._sputc            mc_w.l(printf3.o)
    0x08003b56   0x08003b56   0x00000002   PAD
    0x08003b58   0x08003b58   0x00000018   Code   RO         4961    i.fputc             uart_printf.o
    0x08003b70   0x08003b70   0x000000d8   Code   RO            8    i.main              main.o
    0x08003c48   0x08003c48   0x00000020   Code   RO         4153    i.prvResetNextTaskUnblockTime  tasks.o
    0x08003c68   0x08003c68   0x00000026   Code   RO         3821    i.uxListRemove      list.o
    0x08003c8e   0x08003c8e   0x00000018   Code   RO         3825    i.vListInsertEnd    list.o
    0x08003ca6   0x08003ca6   0x00000002   PAD
    0x08003ca8   0x08003ca8   0x0000005c   Code   RO         4177    i.vTaskSwitchContext  tasks.o
    0x08003d04   0x08003d04   0x000000c8   Code   RO         4186    i.xTaskIncrementTick  tasks.o
    0x08003dcc   0x08003dcc   0x00000010   Data   RO         3690    .constdata          system_stm32f1xx.o
    0x08003ddc   0x08003ddc   0x00000008   Data   RO         3691    .constdata          system_stm32f1xx.o
    0x08003de4   0x08003de4   0x00000818   Data   RO         5181    .constdata          oled.o
    0x080045fc   0x080045fc   0x00000020   Data   RO         5926    Region$$Table       anon$$obj.o


    Execution Region RW_IRAM1 (Exec base: 0x20000000, Load base: 0x0800461c, Size: 0x00000c60, Max: 0x00005000, ABSOLUTE)

    Exec Addr    Load Addr    Size         Type   Attr      Idx    E Section Name        Object

    0x20000000   0x0800461c   0x00000004   Data   RW            9    .data               main.o
    0x20000004   0x08004620   0x0000000c   Data   RW         1017    .data               stm32f1xx_hal.o
    0x20000010   0x0800462c   0x00000004   Data   RW         3692    .data               system_stm32f1xx.o
    0x20000014   0x08004630   0x0000003c   Data   RW         4195    .data               tasks.o
    0x20000050   0x0800466c   0x00000001   Data   RW         5024    .data               esp8266.o
    0x20000051   0x0800466d   0x00000001   PAD
    0x20000052   0x0800466e   0x0000000c   Data   RW         5264    .data               adc_operation.o
    0x2000005e   0x0800467a   0x00000002   PAD
    0x20000060   0x0800467c   0x00000004   Data   RW         5889    .data               mc_w.l(stdout.o)
    0x20000064        -       0x00000074   Zero   RW          322    .bss                adc.o
    0x200000d8        -       0x00000054   Zero   RW          388    .bss                i2c.o
    0x2000012c        -       0x00000048   Zero   RW          430    .bss                tim.o
    0x20000174        -       0x000000cc   Zero   RW          474    .bss                usart.o
    0x20000240        -       0x00000048   Zero   RW          644    .bss                stm32f1xx_hal_timebase_tim.o
    0x20000288        -       0x000001cc   Zero   RW         4194    .bss                tasks.o
    0x20000454        -       0x00000402   Zero   RW         5023    .bss                esp8266.o
    0x20000856        -       0x0000000a   Zero   RW         5263    .bss                adc_operation.o
    0x20000860        -       0x00000400   Zero   RW         4950    STACK               startup_stm32f103xb.o


==============================================================================

Image component sizes


      Code (inc. data)   RO Data    RW Data    ZI Data      Debug   Object Name

       364         34          0          0        116       1815   adc.o
        12          4          0         12         10       1382   adc_operation.o
        52          6          0          0          0        598   buzzer.o
       564        392          0          0          0       1183   connect_iot_task.o
        80         16          0          0          0       1103   display_data_task.o
        44          4          0          0          0        730   dma.o
       228         16          0          0          0       2673   dth11.o
       882        316          0          1       1026       9927   esp8266.o
         0          0          0          0          0       8036   event_groups.o
       244         20          0          0          0        975   gpio.o
       156         26          0          0         84       1573   i2c.o
        62          0          0          0          0       1604   list.o
       956        438          0          4          0     463915   main.o
       884         18       2072          0          0       6556   oled.o
       194         18          0          0          0       3830   port.o
        36          8        236          0       1024        752   startup_stm32f103xb.o
       100         18          0         12          0       5150   stm32f1xx_hal.o
      1342         54          0          0          0       9119   stm32f1xx_hal_adc.o
       202          6          0          0          0       1919   stm32f1xx_hal_adc_ex.o
       158         14          0          0          0      28122   stm32f1xx_hal_cortex.o
       738         36          0          0          0       4238   stm32f1xx_hal_dma.o
       542         40          0          0          0       5144   stm32f1xx_hal_gpio.o
      1316         32          0          0          0       9047   stm32f1xx_hal_i2c.o
        72         10          0          0          0        842   stm32f1xx_hal_msp.o
      1348        116          0          0          0       6165   stm32f1xx_hal_rcc.o
       436         46          0          0          0       2489   stm32f1xx_hal_rcc_ex.o
       972         26          0          0          0       9473   stm32f1xx_hal_tim.o
       108         12          0          0          0       2321   stm32f1xx_hal_tim_ex.o
       116         16          0          0         72       1383   stm32f1xx_hal_timebase_tim.o
      1178         10          0          0          0       8791   stm32f1xx_hal_uart.o
       196         36          0          0          0       5659   stm32f1xx_it.o
         2          0         24          4          0       1079   system_stm32f1xx.o
       324         24          0         60        460       6800   tasks.o
       164         20          0          0         72       1598   tim.o
       320         10          0          0          0       4088   uart_printf.o
       428         48          0          0        204       2936   usart.o

    ----------------------------------------------------------------------
     14852       1890       2364         96       3068     623015   Object Totals
         0          0         32          0          0          0   (incl. Generated)
        32          0          0          3          0          0   (incl. Padding)

    ----------------------------------------------------------------------

      Code (inc. data)   RO Data    RW Data    ZI Data      Debug   Library Member Name

         0          0          0          0          0          0   entry.o
         0          0          0          0          0          0   entry10a.o
         0          0          0          0          0          0   entry11a.o
         4          0          0          0          0          0   entry12b.o
         8          4          0          0          0          0   entry2.o
         4          0          0          0          0          0   entry5.o
         0          0          0          0          0          0   entry7b.o
         0          0          0          0          0          0   entry8b.o
         8          4          0          0          0          0   entry9a.o
        30          0          0          0          0          0   handlers.o
        36          8          0          0          0         68   init.o
        36          0          0          0          0        108   memseta.o
       522         20          0          0          0        336   printf3.o
         0          0          0          4          0          0   stdout.o
        36          0          0          0          0         80   strstr.o
        44          0          0          0          0         80   uidiv.o

    ----------------------------------------------------------------------
       732         36          0          4          0        672   Library Totals
         4          0          0          0          0          0   (incl. Padding)

    ----------------------------------------------------------------------

      Code (inc. data)   RO Data    RW Data    ZI Data      Debug   Library Name

       728         36          0          4          0        672   mc_w.l

    ----------------------------------------------------------------------
       732         36          0          4          0        672   Library Totals

    ----------------------------------------------------------------------

==============================================================================


      Code (inc. data)   RO Data    RW Data    ZI Data      Debug   

     15584       1926       2364        100       3068     616091   Grand Totals
     15584       1926       2364        100       3068     616091   ELF Image Totals
     15584       1926       2364        100          0          0   ROM Totals

==============================================================================

    Total RO  Size (Code + RO Data)                17948 (  17.53kB)
    Total RW  Size (RW Data + ZI Data)              3168 (   3.09kB)
    Total ROM Size (Code + RO Data + RW Data)      18048 (  17.63kB)

==============================================================================

